Archive member included to satisfy reference by file (symbol)

/Applications/MCUXpressoIDE_11.0.1_2563/ide/plugins/com.nxp.mcuxpresso.tools.macosx_11.0.1.201907311258/tools/bin/../lib/gcc/arm-none-eabi/8.2.1/../../../../arm-none-eabi/lib/thumb/v7e-m+fp/hard/libcr_nohost_nf.a(_cr__main.o)
                              ./startup/startup_mimxrt1011.o (__main)
/Applications/MCUXpressoIDE_11.0.1_2563/ide/plugins/com.nxp.mcuxpresso.tools.macosx_11.0.1.201907311258/tools/bin/../lib/gcc/arm-none-eabi/8.2.1/../../../../arm-none-eabi/lib/thumb/v7e-m+fp/hard/libcr_nohost_nf.a(_cr_assert.o)
                              ./utilities/fsl_debug_console.o (__assertion_failed)
/Applications/MCUXpressoIDE_11.0.1_2563/ide/plugins/com.nxp.mcuxpresso.tools.macosx_11.0.1.201907311258/tools/bin/../lib/gcc/arm-none-eabi/8.2.1/../../../../arm-none-eabi/lib/thumb/v7e-m+fp/hard/libcr_nohost_nf.a(__ciob.o)
                              /Applications/MCUXpressoIDE_11.0.1_2563/ide/plugins/com.nxp.mcuxpresso.tools.macosx_11.0.1.201907311258/tools/bin/../lib/gcc/arm-none-eabi/8.2.1/../../../../arm-none-eabi/lib/thumb/v7e-m+fp/hard/libcr_nohost_nf.a(_cr_assert.o) (__Ciob)
/Applications/MCUXpressoIDE_11.0.1_2563/ide/plugins/com.nxp.mcuxpresso.tools.macosx_11.0.1.201907311258/tools/bin/../lib/gcc/arm-none-eabi/8.2.1/../../../../arm-none-eabi/lib/thumb/v7e-m+fp/hard/libcr_nohost_nf.a(__sys_appexit.o)
                              /Applications/MCUXpressoIDE_11.0.1_2563/ide/plugins/com.nxp.mcuxpresso.tools.macosx_11.0.1.201907311258/tools/bin/../lib/gcc/arm-none-eabi/8.2.1/../../../../arm-none-eabi/lib/thumb/v7e-m+fp/hard/libcr_nohost_nf.a(_cr_assert.o) (__sys_appexit)
/Applications/MCUXpressoIDE_11.0.1_2563/ide/plugins/com.nxp.mcuxpresso.tools.macosx_11.0.1.201907311258/tools/bin/../lib/gcc/arm-none-eabi/8.2.1/../../../../arm-none-eabi/lib/thumb/v7e-m+fp/hard/libcr_c.a(memset.o)
                              ./utilities/fsl_debug_console.o (memset)
/Applications/MCUXpressoIDE_11.0.1_2563/ide/plugins/com.nxp.mcuxpresso.tools.macosx_11.0.1.201907311258/tools/bin/../lib/gcc/arm-none-eabi/8.2.1/../../../../arm-none-eabi/lib/thumb/v7e-m+fp/hard/libcr_c.a(_deferredlazyseek.o)
                              /Applications/MCUXpressoIDE_11.0.1_2563/ide/plugins/com.nxp.mcuxpresso.tools.macosx_11.0.1.201907311258/tools/bin/../lib/gcc/arm-none-eabi/8.2.1/../../../../arm-none-eabi/lib/thumb/v7e-m+fp/hard/libcr_nohost_nf.a(_cr_assert.o) (__flsbuf)
/Applications/MCUXpressoIDE_11.0.1_2563/ide/plugins/com.nxp.mcuxpresso.tools.macosx_11.0.1.201907311258/tools/bin/../lib/gcc/arm-none-eabi/8.2.1/../../../../arm-none-eabi/lib/thumb/v7e-m+fp/hard/libcr_c.a(_fflush.o)
                              /Applications/MCUXpressoIDE_11.0.1_2563/ide/plugins/com.nxp.mcuxpresso.tools.macosx_11.0.1.201907311258/tools/bin/../lib/gcc/arm-none-eabi/8.2.1/../../../../arm-none-eabi/lib/thumb/v7e-m+fp/hard/libcr_c.a(_deferredlazyseek.o) (_fflush)
/Applications/MCUXpressoIDE_11.0.1_2563/ide/plugins/com.nxp.mcuxpresso.tools.macosx_11.0.1.201907311258/tools/bin/../lib/gcc/arm-none-eabi/8.2.1/../../../../arm-none-eabi/lib/thumb/v7e-m+fp/hard/libcr_c.a(_writebuf.o)
                              /Applications/MCUXpressoIDE_11.0.1_2563/ide/plugins/com.nxp.mcuxpresso.tools.macosx_11.0.1.201907311258/tools/bin/../lib/gcc/arm-none-eabi/8.2.1/../../../../arm-none-eabi/lib/thumb/v7e-m+fp/hard/libcr_c.a(_deferredlazyseek.o) (_Cwritebuf)
/Applications/MCUXpressoIDE_11.0.1_2563/ide/plugins/com.nxp.mcuxpresso.tools.macosx_11.0.1.201907311258/tools/bin/../lib/gcc/arm-none-eabi/8.2.1/../../../../arm-none-eabi/lib/thumb/v7e-m+fp/hard/libcr_c.a(alloc.o)
                              ./drivers/fsl_common.o (malloc)
/Applications/MCUXpressoIDE_11.0.1_2563/ide/plugins/com.nxp.mcuxpresso.tools.macosx_11.0.1.201907311258/tools/bin/../lib/gcc/arm-none-eabi/8.2.1/../../../../arm-none-eabi/lib/thumb/v7e-m+fp/hard/libcr_c.a(fputs.o)
                              /Applications/MCUXpressoIDE_11.0.1_2563/ide/plugins/com.nxp.mcuxpresso.tools.macosx_11.0.1.201907311258/tools/bin/../lib/gcc/arm-none-eabi/8.2.1/../../../../arm-none-eabi/lib/thumb/v7e-m+fp/hard/libcr_nohost_nf.a(_cr_assert.o) (fputs)
/Applications/MCUXpressoIDE_11.0.1_2563/ide/plugins/com.nxp.mcuxpresso.tools.macosx_11.0.1.201907311258/tools/bin/../lib/gcc/arm-none-eabi/8.2.1/../../../../arm-none-eabi/lib/thumb/v7e-m+fp/hard/libcr_c.a(fseek.o)
                              /Applications/MCUXpressoIDE_11.0.1_2563/ide/plugins/com.nxp.mcuxpresso.tools.macosx_11.0.1.201907311258/tools/bin/../lib/gcc/arm-none-eabi/8.2.1/../../../../arm-none-eabi/lib/thumb/v7e-m+fp/hard/libcr_c.a(_deferredlazyseek.o) (fseek)
/Applications/MCUXpressoIDE_11.0.1_2563/ide/plugins/com.nxp.mcuxpresso.tools.macosx_11.0.1.201907311258/tools/bin/../lib/gcc/arm-none-eabi/8.2.1/../../../../arm-none-eabi/lib/thumb/v7e-m+fp/hard/libcr_c.a(ftell.o)
[...]
Memory Configuration

Name             Origin             Length             Attributes
BOARD_FLASH      0x0000000060000000 0x0000000001000000 xr
SRAM_DTC         0x0000000020000000 0x0000000000008000 xrw
SRAM_ITC         0x0000000000000000 0x0000000000008000 xrw
SRAM_OC          0x0000000020200000 0x0000000000010000 xrw
NCACHE_REGION    0x0000000020210000 0x0000000000000000 xrw
*default*        0x0000000000000000 0xffffffffffffffff

Linker script and memory map

LOAD ./xip/evkmimxrt1010_flexspi_nor_config.o
LOAD ./xip/fsl_flexspi_nor_boot.o
LOAD ./utilities/fsl_assert.o
LOAD ./utilities/fsl_debug_console.o
LOAD ./utilities/fsl_str.o
LOAD ./startup/startup_mimxrt1011.o
LOAD ./source/led_matrix_driver.o
LOAD ./source/semihost_hardfault.o
LOAD ./drivers/fsl_clock.o
LOAD ./drivers/fsl_common.o
LOAD ./drivers/fsl_gpio.o
LOAD ./drivers/fsl_lpuart.o
LOAD ./device/system_MIMXRT1011.o
LOAD ./component/uart/lpuart_adapter.o
LOAD ./component/serial_manager/serial_manager.o
LOAD ./component/serial_manager/serial_port_uart.o
LOAD ./component/lists/generic_list.o
LOAD ./board/board.o
LOAD ./board/clock_config.o
LOAD ./board/peripherals.o
LOAD ./board/pin_mux.o
START GROUP
LOAD /Applications/MCUXpressoIDE_11.0.1_2563/ide/plugins/com.nxp.mcuxpresso.tools.macosx_11.0.1.201907311258/tools/bin/../lib/gcc/arm-none-eabi/8.2.1/../../../../arm-none-eabi/lib/thumb/v7e-m+fp/hard/libcr_nohost_nf.a
LOAD /Applications/MCUXpressoIDE_11.0.1_2563/ide/plugins/com.nxp.mcuxpresso.tools.macosx_11.0.1.201907311258/tools/bin/../lib/gcc/arm-none-eabi/8.2.1/../../../../arm-none-eabi/lib/thumb/v7e-m+fp/hard/libcr_c.a
LOAD /Applications/MCUXpressoIDE_11.0.1_2563/ide/plugins/com.nxp.mcuxpresso.tools.macosx_11.0.1.201907311258/tools/bin/../lib/gcc/arm-none-eabi/8.2.1/thumb/v7e-m+fp/hard/libcr_eabihelpers.a
LOAD /Applications/MCUXpressoIDE_11.0.1_2563/ide/plugins/com.nxp.mcuxpresso.tools.macosx_11.0.1.201907311258/tools/bin/../lib/gcc/arm-none-eabi/8.2.1/thumb/v7e-m+fp/hard/libgcc.a
END GROUP
                0x0000000060000000                __base_BOARD_FLASH = 0x60000000
                0x0000000060000000                __base_Flash = 0x60000000
                0x0000000061000000                __top_BOARD_FLASH = 0x61000000
                0x0000000061000000                __top_Flash = 0x61000000
                0x0000000020000000                __base_SRAM_DTC = 0x20000000
                0x0000000020000000                __base_RAM = 0x20000000
                0x0000000020008000                __top_SRAM_DTC = 0x20008000
                0x0000000020008000                __top_RAM = 0x20008000
                0x0000000000000000                __base_SRAM_ITC = 0x0
                0x0000000000000000                __base_RAM2 = 0x0
                0x0000000000008000                __top_SRAM_ITC = 0x8000
                0x0000000000008000                __top_RAM2 = 0x8000
                0x0000000020200000                __base_SRAM_OC = 0x20200000
                0x0000000020200000                __base_RAM3 = 0x20200000
                0x0000000020210000                __top_SRAM_OC = 0x20210000
                0x0000000020210000                __top_RAM3 = 0x20210000
                0x0000000020210000                __base_NCACHE_REGION = 0x20210000
                0x0000000020210000                __base_RAM4 = 0x20210000
                0x0000000020210000                __top_NCACHE_REGION = 0x20210000
                0x0000000020210000                __top_RAM4 = 0x20210000

.boot_hdr       0x0000000060000000     0x2000
 FILL mask 0xff
                0x0000000000000400                . = 0x400
 *fill*         0x0000000060000000      0x400 ff
                0x0000000060000400                __boot_hdr_start__ = ABSOLUTE (.)
 *(SORT_BY_ALIGNMENT(.boot_hdr.conf))
 .boot_hdr.conf
                0x0000000060000400      0x200 ./xip/evkmimxrt1010_flexspi_nor_config.o
                0x0000000060000400                qspiflash_config
                0x0000000000001000                . = 0x1000
 *fill*         0x0000000060000600      0xa00 ff
 *(SORT_BY_ALIGNMENT(.boot_hdr.ivt))
 .boot_hdr.ivt  0x0000000060001000       0x20 ./xip/fsl_flexspi_nor_boot.o
                0x0000000060001000                image_vector_table
                0x0000000000001020                . = 0x1020
 *(SORT_BY_ALIGNMENT(.boot_hdr.boot_data))
 .boot_hdr.boot_data
                0x0000000060001020       0x10 ./xip/fsl_flexspi_nor_boot.o
                0x0000000060001020                boot_data
                0x0000000000001030                . = 0x1030
 *(SORT_BY_ALIGNMENT(.boot_hdr.dcd_data))
                0x0000000000001030                __boot_hdr_end__ = ABSOLUTE (.)
                0x0000000000002000                . = 0x2000
 *fill*         0x0000000060001030      0xfd0 ff

.text           0x0000000060002000     0x45bc
 FILL mask 0xff
                0x0000000060002000                __vectors_start__ = ABSOLUTE (.)
 *(SORT_BY_ALIGNMENT(.isr_vector))
 .isr_vector    0x0000000060002000      0x180 ./startup/startup_mimxrt1011.o
                0x0000000060002000                __Vectors
                0x0000000060002000                g_pfnVectors
                0x0000000060002180                . = ALIGN (0x4)
                0x0000000060002180                __section_table_start = .
                0x0000000060002180                __data_section_table = .
                0x0000000060002180        0x4 LONG 0x600065bc LOADADDR (.data)
                0x0000000060002184        0x4 LONG 0x20000000 ADDR (.data)
                0x0000000060002188        0x4 LONG 0x4 SIZEOF (.data)
                0x000000006000218c        0x4 LONG 0x600065bc LOADADDR (.data_RAM2)
                0x0000000060002190        0x4 LONG 0x0 ADDR (.data_RAM2)
                0x0000000060002194        0x4 LONG 0x0 SIZEOF (.data_RAM2)
                0x0000000060002198        0x4 LONG 0x600065bc LOADADDR (.data_RAM3)
                0x000000006000219c        0x4 LONG 0x20200000 ADDR (.data_RAM3)
                0x00000000600021a0        0x4 LONG 0x0 SIZEOF (.data_RAM3)
                0x00000000600021a4        0x4 LONG 0x600065bc LOADADDR (.data_RAM4)
                0x00000000600021a8        0x4 LONG 0x20210000 ADDR (.data_RAM4)
                0x00000000600021ac        0x4 LONG 0x0 SIZEOF (.data_RAM4)
                0x00000000600021b0                __data_section_table_end = .
                0x00000000600021b0                __bss_section_table = .
                0x00000000600021b0        0x4 LONG 0x20000004 ADDR (.bss)
                0x00000000600021b4        0x4 LONG 0x108 SIZEOF (.bss)
                0x00000000600021b8        0x4 LONG 0x0 ADDR (.bss_RAM2)
                0x00000000600021bc        0x4 LONG 0x0 SIZEOF (.bss_RAM2)
                0x00000000600021c0        0x4 LONG 0x20200000 ADDR (.bss_RAM3)
                0x00000000600021c4        0x4 LONG 0x0 SIZEOF (.bss_RAM3)
                0x00000000600021c8        0x4 LONG 0x20210000 ADDR (.bss_RAM4)
                0x00000000600021cc        0x4 LONG 0x0 SIZEOF (.bss_RAM4)
                0x00000000600021d0                __bss_section_table_end = .
                0x00000000600021d0                __section_table_end = .
 *(SORT_BY_ALIGNMENT(.after_vectors*))
 .after_vectors.reset
                0x00000000600021d0       0x4c ./startup/startup_mimxrt1011.o
                0x00000000600021d0                ResetISR
 .after_vectors.init_data
                0x000000006000221c       0x1e ./startup/startup_mimxrt1011.o
                0x000000006000221c                data_init
 .after_vectors.init_bss
                0x000000006000223a       0x12 ./startup/startup_mimxrt1011.o
                0x000000006000223a                bss_init
 .after_vectors
                0x000000006000224c        0xc ./startup/startup_mimxrt1011.o
                0x000000006000224c                NMI_Handler
                0x0000000060002250                SVC_Handler
                0x0000000060002252                PendSV_Handler
                0x0000000060002256                ADC_ETC_IRQ3_DriverIRQHandler
                0x0000000060002256                CCM_2_DriverIRQHandler
                0x0000000060002256                PIT_DriverIRQHandler
                0x0000000060002256                DMA0_DriverIRQHandler
                0x0000000060002256                FLEXRAM_DriverIRQHandler
                0x0000000060002256                DMA12_DriverIRQHandler
                0x0000000060002256                SPDIF_DriverIRQHandler
                0x0000000060002256                USB_PHY_DriverIRQHandler
                0x0000000060002256                GPR_IRQ_DriverIRQHandler
                0x0000000060002256                DMA6_DriverIRQHandler
                0x0000000060002256                TRNG_DriverIRQHandler
                0x0000000060002256                IntDefaultHandler
                0x0000000060002256                DMA11_DriverIRQHandler
                0x0000000060002256                SRC_DriverIRQHandler
                0x0000000060002256                DMA10_DriverIRQHandler
                0x0000000060002256                EWM_DriverIRQHandler
                0x0000000060002256                DMA5_DriverIRQHandler
                0x0000000060002256                DMA4_DriverIRQHandler
                0x0000000060002256                WDOG1_DriverIRQHandler
                0x0000000060002256                FLEXIO1_DriverIRQHandler
                0x0000000060002256                ADC_ETC_IRQ2_DriverIRQHandler
                0x0000000060002256                GPIO1_Combined_16_31_DriverIRQHandler
                0x0000000060002256                SAI1_DriverIRQHandler
                0x0000000060002256                DCDC_DriverIRQHandler
                0x0000000060002256                ADC_ETC_ERROR_IRQ_DriverIRQHandler
                0x0000000060002256                GPIO5_Combined_0_15_DriverIRQHandler
                0x0000000060002256                DMA3_DriverIRQHandler
                0x0000000060002256                RTWDOG_DriverIRQHandler
                0x0000000060002256                FLEXSPI_DriverIRQHandler
                0x0000000060002256                GPT2_DriverIRQHandler
                0x0000000060002256                DMA8_DriverIRQHandler
                0x0000000060002256                DMA9_DriverIRQHandler
                0x0000000060002256                PWM1_1_DriverIRQHandler
                0x0000000060002256                Reserved71_DriverIRQHandler
                0x0000000060002256                ADC1_DriverIRQHandler
                0x0000000060002256                PWM1_0_DriverIRQHandler
                0x0000000060002256                DMA14_DriverIRQHandler
                0x0000000060002256                DCP_DriverIRQHandler
                0x0000000060002256                CTI0_ERROR_DriverIRQHandler
                0x0000000060002256                GPT1_DriverIRQHandler
                0x0000000060002256                CSU_DriverIRQHandler
                0x0000000060002256                CTI1_ERROR_DriverIRQHandler
                0x0000000060002256                GPIO1_Combined_0_15_DriverIRQHandler
                0x0000000060002256                CORE_DriverIRQHandler
                0x0000000060002256                SNVS_HP_WRAPPER_TZ_DriverIRQHandler
                0x0000000060002256                PWM1_FAULT_DriverIRQHandler
                0x0000000060002256                DMA1_DriverIRQHandler
                0x0000000060002256                LPI2C1_DriverIRQHandler
                0x0000000060002256                SNVS_HP_WRAPPER_DriverIRQHandler
                0x0000000060002256                ADC_ETC_IRQ1_DriverIRQHandler
                0x0000000060002256                LPSPI1_DriverIRQHandler
                0x0000000060002256                DMA13_DriverIRQHandler
                0x0000000060002256                DCP_VMI_DriverIRQHandler
                0x0000000060002256                DMA15_DriverIRQHandler
                0x0000000060002256                GPC_DriverIRQHandler
                0x0000000060002256                GPIO2_Combined_0_15_DriverIRQHandler
                0x0000000060002256                PWM1_2_DriverIRQHandler
                0x0000000060002256                USB_OTG1_DriverIRQHandler
                0x0000000060002256                TEMP_LOW_HIGH_DriverIRQHandler
                0x0000000060002256                SAI3_TX_DriverIRQHandler
                0x0000000060002256                WDOG2_DriverIRQHandler
                0x0000000060002256                Reserved68_DriverIRQHandler
                0x0000000060002256                PMU_DriverIRQHandler
                0x0000000060002256                CCM_1_DriverIRQHandler
                0x0000000060002256                TEMP_PANIC_DriverIRQHandler
                0x0000000060002256                DMA2_DriverIRQHandler
                0x0000000060002256                PWM1_3_DriverIRQHandler
                0x0000000060002256                Reserved70_DriverIRQHandler
                0x0000000060002256                LPI2C2_DriverIRQHandler
                0x0000000060002256                DMA_ERROR_DriverIRQHandler
                0x0000000060002256                ADC_ETC_IRQ0_DriverIRQHandler
                0x0000000060002256                DMA7_DriverIRQHandler
                0x0000000060002256                XBAR1_IRQ_0_1_2_3_DriverIRQHandler
                0x0000000060002256                KPP_DriverIRQHandler
                0x0000000060002256                SNVS_LP_WRAPPER_DriverIRQHandler
                0x0000000060002256                LPSPI2_DriverIRQHandler
                0x0000000060002256                SAI3_RX_DriverIRQHandler
 *(SORT_BY_ALIGNMENT(.text*))
 .text.DbgConsole_Init
                0x0000000060002258      0x104 ./utilities/fsl_debug_console.o
                0x0000000060002258                DbgConsole_Init
 .text.__NVIC_SetPriority
                0x000000006000235c       0x54 ./source/led_matrix_driver.o
 .text.SysTick_Config
                0x00000000600023b0       0x44 ./source/led_matrix_driver.o
 .text.SysTick_Handler
                0x00000000600023f4       0x24 ./source/led_matrix_driver.o
                0x00000000600023f4                SysTick_Handler
 .text.SysTick_DelayTicks
                0x0000000060002418       0x28 ./source/led_matrix_driver.o
                0x0000000060002418                SysTick_DelayTicks
 .text.main     0x0000000060002440       0x70 ./source/led_matrix_driver.o
                0x0000000060002440                main
 .text.CLOCK_GetOscFreq
                0x00000000600024b0       0x30 ./drivers/fsl_clock.o
 .text.CLOCK_InitExternalClk
                0x00000000600024e0       0x6c ./drivers/fsl_clock.o
                0x00000000600024e0                CLOCK_InitExternalClk
 .text.CLOCK_SwitchOsc
                0x000000006000254c       0x34 ./drivers/fsl_clock.o
                0x000000006000254c                CLOCK_SwitchOsc
 .text.CLOCK_InitRcOsc24M
                0x0000000060002580       0x24 ./drivers/fsl_clock.o
                0x0000000060002580                CLOCK_InitRcOsc24M
 .text.CLOCK_InitSysPll
                0x00000000600025a4       0x9c ./drivers/fsl_clock.o
                0x00000000600025a4                CLOCK_InitSysPll
 .text.CLOCK_DeinitAudioPll
                0x0000000060002640       0x1c ./drivers/fsl_clock.o
                0x0000000060002640                CLOCK_DeinitAudioPll
 .text.CLOCK_InitEnetPll
                0x000000006000265c       0x7c ./drivers/fsl_clock.o
                0x000000006000265c                CLOCK_InitEnetPll
 .text.CLOCK_GetPllFreq
                0x00000000600026d8      0x1c4 ./drivers/fsl_clock.o
                0x00000000600026d8                CLOCK_GetPllFreq
 .text.CLOCK_InitSysPfd
                0x000000006000289c       0x64 ./drivers/fsl_clock.o
                0x000000006000289c                CLOCK_InitSysPfd
 .text.CLOCK_ControlGate
                0x0000000060002900       0x64 ./drivers/fsl_gpio.o
 .text.GPIO_GetInstance
                0x0000000060002964       0x4c ./drivers/fsl_gpio.o
 .text.GPIO_PinInit
                0x00000000600029b0       0xa4 ./drivers/fsl_gpio.o
                0x00000000600029b0                GPIO_PinInit
 .text.GPIO_PinWrite
                0x0000000060002a54       0x54 ./drivers/fsl_gpio.o
                0x0000000060002a54                GPIO_PinWrite
 .text.GPIO_PinSetInterruptConfig
                0x0000000060002aa8       0xfc ./drivers/fsl_gpio.o
                0x0000000060002aa8                GPIO_PinSetInterruptConfig
 .text.CLOCK_ControlGate
                0x0000000060002ba4       0x64 ./drivers/fsl_lpuart.o
 .text.LPUART_GetInstance
                0x0000000060002c08       0x4c ./drivers/fsl_lpuart.o
                0x0000000060002c08                LPUART_GetInstance
 .text.LPUART_Init
                0x0000000060002c54      0x338 ./drivers/fsl_lpuart.o
                0x0000000060002c54                LPUART_Init
 .text.LPUART_GetDefaultConfig
                0x0000000060002f8c       0x88 ./drivers/fsl_lpuart.o
                0x0000000060002f8c                LPUART_GetDefaultConfig
 .text.LPUART1_DriverIRQHandler
                0x0000000060003014       0x24 ./drivers/fsl_lpuart.o
                0x0000000060003014                LPUART1_DriverIRQHandler
 .text.LPUART2_DriverIRQHandler
                0x0000000060003038       0x24 ./drivers/fsl_lpuart.o
                0x0000000060003038                LPUART2_DriverIRQHandler
 .text.LPUART3_DriverIRQHandler
                0x000000006000305c       0x24 ./drivers/fsl_lpuart.o
                0x000000006000305c                LPUART3_DriverIRQHandler
 .text.LPUART4_DriverIRQHandler
                0x0000000060003080       0x24 ./drivers/fsl_lpuart.o
                0x0000000060003080                LPUART4_DriverIRQHandler
 .text.SystemInit
                0x00000000600030a4      0x1a8 ./device/system_MIMXRT1011.o
                0x00000000600030a4                SystemInit
 .text.HAL_UartInit
                0x000000006000324c      0x100 ./component/uart/lpuart_adapter.o
                0x000000006000324c                HAL_UartInit
 .text.SerialManager_Init
                0x000000006000334c       0x74 ./component/serial_manager/serial_manager.o
                0x000000006000334c                SerialManager_Init
 .text.SerialManager_OpenWriteHandle
                0x00000000600033c0       0x64 ./component/serial_manager/serial_manager.o
                0x00000000600033c0                SerialManager_OpenWriteHandle
 .text.SerialManager_OpenReadHandle
                0x0000000060003424       0x74 ./component/serial_manager/serial_manager.o
                0x0000000060003424                SerialManager_OpenReadHandle
 .text.Serial_UartInit
                0x0000000060003498       0x80 ./component/serial_manager/serial_port_uart.o
                0x0000000060003498                Serial_UartInit
 .text.CLOCK_GetMux
                0x0000000060003518       0x44 ./board/board.o
 .text.CLOCK_GetDiv
                0x000000006000355c       0x44 ./board/board.o
 .text.CLOCK_GetOscFreq
                0x00000000600035a0       0x30 ./board/board.o
 .text.BOARD_DebugConsoleSrcFreq
                0x00000000600035d0       0x64 ./board/board.o
                0x00000000600035d0                BOARD_DebugConsoleSrcFreq
 .text.SystemInitHook
                0x0000000060003634       0x20 ./board/board.o
                0x0000000060003634                SystemInitHook
 .text.CLOCK_SetMux
                0x0000000060003654       0x9c ./board/clock_config.o
 .text.CLOCK_SetDiv
                0x00000000600036f0       0x9c ./board/clock_config.o
 .text.CLOCK_ControlGate
                0x000000006000378c       0x64 ./board/clock_config.o
 .text.CLOCK_SetXtalFreq
                0x00000000600037f0       0x20 ./board/clock_config.o
 .text.CLOCK_SetRtcXtalFreq
                0x0000000060003810       0x20 ./board/clock_config.o
 .text.IOMUXC_MQSConfig
                0x0000000060003830       0x44 ./board/clock_config.o
 .text.BOARD_BootClockRUN
                0x0000000060003874      0x3c0 ./board/clock_config.o
                0x0000000060003874                BOARD_BootClockRUN
 .text.CLOCK_ControlGate
                0x0000000060003c34       0x64 ./board/pin_mux.o
 .text.BOARD_InitPins
                0x0000000060003c98      0x4b0 ./board/pin_mux.o
                0x0000000060003c98                BOARD_InitPins
 .text.__assertion_failed
                0x0000000060004148       0x4c /Applications/MCUXpressoIDE_11.0.1_2563/ide/plugins/com.nxp.mcuxpresso.tools.macosx_11.0.1.201907311258/tools/bin/../lib/gcc/arm-none-eabi/8.2.1/../../../../arm-none-eabi/lib/thumb/v7e-m+fp/hard/libcr_nohost_nf.a(_cr_assert.o)
                0x0000000060004148                __assertion_failed
 .text._Cwritebuf
                0x0000000060004194       0x6c /Applications/MCUXpressoIDE_11.0.1_2563/ide/plugins/com.nxp.mcuxpresso.tools.macosx_11.0.1.201907311258/tools/bin/../lib/gcc/arm-none-eabi/8.2.1/../../../../arm-none-eabi/lib/thumb/v7e-m+fp/hard/libcr_c.a(_writebuf.o)
                0x0000000060004194                _Cwritebuf
 .text.malloc   0x0000000060004200       0xc8 /Applications/MCUXpressoIDE_11.0.1_2563/ide/plugins/com.nxp.mcuxpresso.tools.macosx_11.0.1.201907311258/tools/bin/../lib/gcc/arm-none-eabi/8.2.1/../../../../arm-none-eabi/lib/thumb/v7e-m+fp/hard/libcr_c.a(alloc.o)
                0x0000000060004200                malloc
 .text._Csys_alloc
                0x00000000600042c8       0x20 /Applications/MCUXpressoIDE_11.0.1_2563/ide/plugins/com.nxp.mcuxpresso.tools.macosx_11.0.1.201907311258/tools/bin/../lib/gcc/arm-none-eabi/8.2.1/../../../../arm-none-eabi/lib/thumb/v7e-m+fp/hard/libcr_c.a(alloc.o)
                0x00000000600042c8                _Csys_alloc
 .text.fseek    0x00000000600042e8      0x100 /Applications/MCUXpressoIDE_11.0.1_2563/ide/plugins/com.nxp.mcuxpresso.tools.macosx_11.0.1.201907311258/tools/bin/../lib/gcc/arm-none-eabi/8.2.1/../../../../arm-none-eabi/lib/thumb/v7e-m+fp/hard/libcr_c.a(fseek.o)
                0x00000000600042e8                fseek
 .text.ftell    0x00000000600043e8       0x48 /Applications/MCUXpressoIDE_11.0.1_2563/ide/plugins/com.nxp.mcuxpresso.tools.macosx_11.0.1.201907311258/tools/bin/../lib/gcc/arm-none-eabi/8.2.1/../../../../arm-none-eabi/lib/thumb/v7e-m+fp/hard/libcr_c.a(ftell.o)
                0x00000000600043e8                ftell
 .text._initio  0x0000000060004430       0x78 /Applications/MCUXpressoIDE_11.0.1_2563/ide/plugins/com.nxp.mcuxpresso.tools.macosx_11.0.1.201907311258/tools/bin/../lib/gcc/arm-none-eabi/8.2.1/../../../../arm-none-eabi/lib/thumb/v7e-m+fp/hard/libcr_c.a(initio.o)
                0x0000000060004430                _initio
 .text.setvbuf  0x00000000600044a8       0x40 /Applications/MCUXpressoIDE_11.0.1_2563/ide/plugins/com.nxp.mcuxpresso.tools.macosx_11.0.1.201907311258/tools/bin/../lib/gcc/arm-none-eabi/8.2.1/../../../../arm-none-eabi/lib/thumb/v7e-m+fp/hard/libcr_c.a(setvbuf.o)
                0x00000000600044a8                setvbuf
 .text._sbrk    0x00000000600044e8       0x3c /Applications/MCUXpressoIDE_11.0.1_2563/ide/plugins/com.nxp.mcuxpresso.tools.macosx_11.0.1.201907311258/tools/bin/../lib/gcc/arm-none-eabi/8.2.1/../../../../arm-none-eabi/lib/thumb/v7e-m+fp/hard/libcr_c.a(_cr_sbrk.o)
                0x00000000600044e8                _sbrk
 .text.fflush   0x0000000060004524       0x44 /Applications/MCUXpressoIDE_11.0.1_2563/ide/plugins/com.nxp.mcuxpresso.tools.macosx_11.0.1.201907311258/tools/bin/../lib/gcc/arm-none-eabi/8.2.1/../../../../arm-none-eabi/lib/thumb/v7e-m+fp/hard/libcr_c.a(fflush.o)
                0x0000000060004524                fflush
 .text.__check_heap_overflow
                0x0000000060004568       0x18 /Applications/MCUXpressoIDE_11.0.1_2563/ide/plugins/com.nxp.mcuxpresso.tools.macosx_11.0.1.201907311258/tools/bin/../lib/gcc/arm-none-eabi/8.2.1/../../../../arm-none-eabi/lib/thumb/v7e-m+fp/hard/libcr_c.a(_cr_check_heap.o)
                0x0000000060004568                __check_heap_overflow
 .text.DMA0_IRQHandler
                0x0000000060004580        0x8 ./startup/startup_mimxrt1011.o
                0x0000000060004580                DMA0_IRQHandler
 .text.DMA1_IRQHandler
                0x0000000060004588        0x8 ./startup/startup_mimxrt1011.o
                0x0000000060004588                DMA1_IRQHandler
 .text.DMA2_IRQHandler
                0x0000000060004590        0x8 ./startup/startup_mimxrt1011.o
                0x0000000060004590                DMA2_IRQHandler
 .text.DMA3_IRQHandler
                0x0000000060004598        0x8 ./startup/startup_mimxrt1011.o
                0x0000000060004598                DMA3_IRQHandler
 .text.DMA4_IRQHandler
                0x00000000600045a0        0x8 ./startup/startup_mimxrt1011.o
                0x00000000600045a0                DMA4_IRQHandler
 .text.DMA5_IRQHandler
                0x00000000600045a8        0x8 ./startup/startup_mimxrt1011.o
                0x00000000600045a8                DMA5_IRQHandler
 .text.DMA6_IRQHandler
                0x00000000600045b0        0x8 ./startup/startup_mimxrt1011.o
                0x00000000600045b0                DMA6_IRQHandler
 .text.DMA7_IRQHandler
                0x00000000600045b8        0x8 ./startup/startup_mimxrt1011.o
                0x00000000600045b8                DMA7_IRQHandler
 .text.DMA8_IRQHandler
                0x00000000600045c0        0x8 ./startup/startup_mimxrt1011.o
                0x00000000600045c0                DMA8_IRQHandler
 .text.DMA9_IRQHandler
                0x00000000600045c8        0x8 ./startup/startup_mimxrt1011.o
                0x00000000600045c8                DMA9_IRQHandler
 .text.DMA10_IRQHandler
                0x00000000600045d0        0x8 ./startup/startup_mimxrt1011.o
                0x00000000600045d0                DMA10_IRQHandler
 .text.DMA11_IRQHandler
                0x00000000600045d8        0x8 ./startup/startup_mimxrt1011.o
                0x00000000600045d8                DMA11_IRQHandler
 .text.DMA12_IRQHandler
                0x00000000600045e0        0x8 ./startup/startup_mimxrt1011.o
                0x00000000600045e0                DMA12_IRQHandler
 .text.DMA13_IRQHandler
                0x00000000600045e8        0x8 ./startup/startup_mimxrt1011.o
                0x00000000600045e8                DMA13_IRQHandler
 .text.DMA14_IRQHandler
                0x00000000600045f0        0x8 ./startup/startup_mimxrt1011.o
                0x00000000600045f0                DMA14_IRQHandler
 .text.DMA15_IRQHandler
                0x00000000600045f8        0x8 ./startup/startup_mimxrt1011.o
                0x00000000600045f8                DMA15_IRQHandler
 .text.DMA_ERROR_IRQHandler
                0x0000000060004600        0x8 ./startup/startup_mimxrt1011.o
                0x0000000060004600                DMA_ERROR_IRQHandler
 .text.CTI0_ERROR_IRQHandler
                0x0000000060004608        0x8 ./startup/startup_mimxrt1011.o
                0x0000000060004608                CTI0_ERROR_IRQHandler
 .text.CTI1_ERROR_IRQHandler
                0x0000000060004610        0x8 ./startup/startup_mimxrt1011.o
                0x0000000060004610                CTI1_ERROR_IRQHandler
 .text.CORE_IRQHandler
                0x0000000060004618        0x8 ./startup/startup_mimxrt1011.o
                0x0000000060004618                CORE_IRQHandler
 .text.LPUART1_IRQHandler
                0x0000000060004620        0x8 ./startup/startup_mimxrt1011.o
                0x0000000060004620                LPUART1_IRQHandler
 .text.LPUART2_IRQHandler
                0x0000000060004628        0x8 ./startup/startup_mimxrt1011.o
                0x0000000060004628                LPUART2_IRQHandler
 .text.LPUART3_IRQHandler
                0x0000000060004630        0x8 ./startup/startup_mimxrt1011.o
                0x0000000060004630                LPUART3_IRQHandler
 .text.LPUART4_IRQHandler
                0x0000000060004638        0x8 ./startup/startup_mimxrt1011.o
                0x0000000060004638                LPUART4_IRQHandler
 .text.PIT_IRQHandler
                0x0000000060004640        0x8 ./startup/startup_mimxrt1011.o
                0x0000000060004640                PIT_IRQHandler
 .text.USB_OTG1_IRQHandler
                0x0000000060004648        0x8 ./startup/startup_mimxrt1011.o
                0x0000000060004648                USB_OTG1_IRQHandler
 .text.FLEXSPI_IRQHandler
                0x0000000060004650        0x8 ./startup/startup_mimxrt1011.o
                0x0000000060004650                FLEXSPI_IRQHandler
 .text.FLEXRAM_IRQHandler
                0x0000000060004658        0x8 ./startup/startup_mimxrt1011.o
                0x0000000060004658                FLEXRAM_IRQHandler
 .text.LPI2C1_IRQHandler
                0x0000000060004660        0x8 ./startup/startup_mimxrt1011.o
                0x0000000060004660                LPI2C1_IRQHandler
 .text.LPI2C2_IRQHandler
                0x0000000060004668        0x8 ./startup/startup_mimxrt1011.o
                0x0000000060004668                LPI2C2_IRQHandler
 .text.GPT1_IRQHandler
                0x0000000060004670        0x8 ./startup/startup_mimxrt1011.o
                0x0000000060004670                GPT1_IRQHandler
 .text.GPT2_IRQHandler
                0x0000000060004678        0x8 ./startup/startup_mimxrt1011.o
                0x0000000060004678                GPT2_IRQHandler
 .text.LPSPI1_IRQHandler
                0x0000000060004680        0x8 ./startup/startup_mimxrt1011.o
                0x0000000060004680                LPSPI1_IRQHandler
 .text.LPSPI2_IRQHandler
                0x0000000060004688        0x8 ./startup/startup_mimxrt1011.o
                0x0000000060004688                LPSPI2_IRQHandler
 .text.PWM1_0_IRQHandler
                0x0000000060004690        0x8 ./startup/startup_mimxrt1011.o
                0x0000000060004690                PWM1_0_IRQHandler
 .text.PWM1_1_IRQHandler
                0x0000000060004698        0x8 ./startup/startup_mimxrt1011.o
                0x0000000060004698                PWM1_1_IRQHandler
 .text.PWM1_2_IRQHandler
                0x00000000600046a0        0x8 ./startup/startup_mimxrt1011.o
                0x00000000600046a0                PWM1_2_IRQHandler
 .text.PWM1_3_IRQHandler
                0x00000000600046a8        0x8 ./startup/startup_mimxrt1011.o
                0x00000000600046a8                PWM1_3_IRQHandler
 .text.PWM1_FAULT_IRQHandler
                0x00000000600046b0        0x8 ./startup/startup_mimxrt1011.o
                0x00000000600046b0                PWM1_FAULT_IRQHandler
 .text.KPP_IRQHandler
                0x00000000600046b8        0x8 ./startup/startup_mimxrt1011.o
                0x00000000600046b8                KPP_IRQHandler
 .text.SRC_IRQHandler
                0x00000000600046c0        0x8 ./startup/startup_mimxrt1011.o
                0x00000000600046c0                SRC_IRQHandler
 .text.GPR_IRQ_IRQHandler
                0x00000000600046c8        0x8 ./startup/startup_mimxrt1011.o
                0x00000000600046c8                GPR_IRQ_IRQHandler
 .text.CCM_1_IRQHandler
                0x00000000600046d0        0x8 ./startup/startup_mimxrt1011.o
                0x00000000600046d0                CCM_1_IRQHandler
 .text.CCM_2_IRQHandler
                0x00000000600046d8        0x8 ./startup/startup_mimxrt1011.o
                0x00000000600046d8                CCM_2_IRQHandler
 .text.EWM_IRQHandler
                0x00000000600046e0        0x8 ./startup/startup_mimxrt1011.o
                0x00000000600046e0                EWM_IRQHandler
 .text.WDOG2_IRQHandler
                0x00000000600046e8        0x8 ./startup/startup_mimxrt1011.o
                0x00000000600046e8                WDOG2_IRQHandler
 .text.SNVS_HP_WRAPPER_IRQHandler
                0x00000000600046f0        0x8 ./startup/startup_mimxrt1011.o
                0x00000000600046f0                SNVS_HP_WRAPPER_IRQHandler
 .text.SNVS_HP_WRAPPER_TZ_IRQHandler
                0x00000000600046f8        0x8 ./startup/startup_mimxrt1011.o
                0x00000000600046f8                SNVS_HP_WRAPPER_TZ_IRQHandler
 .text.SNVS_LP_WRAPPER_IRQHandler
                0x0000000060004700        0x8 ./startup/startup_mimxrt1011.o
                0x0000000060004700                SNVS_LP_WRAPPER_IRQHandler
 .text.CSU_IRQHandler
                0x0000000060004708        0x8 ./startup/startup_mimxrt1011.o
                0x0000000060004708                CSU_IRQHandler
 .text.DCP_IRQHandler
                0x0000000060004710        0x8 ./startup/startup_mimxrt1011.o
                0x0000000060004710                DCP_IRQHandler
 .text.DCP_VMI_IRQHandler
                0x0000000060004718        0x8 ./startup/startup_mimxrt1011.o
                0x0000000060004718                DCP_VMI_IRQHandler
 .text.Reserved68_IRQHandler
                0x0000000060004720        0x8 ./startup/startup_mimxrt1011.o
                0x0000000060004720                Reserved68_IRQHandler
 .text.TRNG_IRQHandler
                0x0000000060004728        0x8 ./startup/startup_mimxrt1011.o
                0x0000000060004728                TRNG_IRQHandler
 .text.Reserved70_IRQHandler
                0x0000000060004730        0x8 ./startup/startup_mimxrt1011.o
                0x0000000060004730                Reserved70_IRQHandler
 .text.Reserved71_IRQHandler
                0x0000000060004738        0x8 ./startup/startup_mimxrt1011.o
                0x0000000060004738                Reserved71_IRQHandler
 .text.SAI1_IRQHandler
                0x0000000060004740        0x8 ./startup/startup_mimxrt1011.o
                0x0000000060004740                SAI1_IRQHandler
 .text.RTWDOG_IRQHandler
                0x0000000060004748        0x8 ./startup/startup_mimxrt1011.o
                0x0000000060004748                RTWDOG_IRQHandler
 .text.SAI3_RX_IRQHandler
                0x0000000060004750        0x8 ./startup/startup_mimxrt1011.o
                0x0000000060004750                SAI3_RX_IRQHandler
 .text.SAI3_TX_IRQHandler
                0x0000000060004758        0x8 ./startup/startup_mimxrt1011.o
                0x0000000060004758                SAI3_TX_IRQHandler
 .text.SPDIF_IRQHandler
                0x0000000060004760        0x8 ./startup/startup_mimxrt1011.o
                0x0000000060004760                SPDIF_IRQHandler
 .text.PMU_IRQHandler
                0x0000000060004768        0x8 ./startup/startup_mimxrt1011.o
                0x0000000060004768                PMU_IRQHandler
 .text.XBAR1_IRQ_0_1_2_3_IRQHandler
                0x0000000060004770        0x8 ./startup/startup_mimxrt1011.o
                0x0000000060004770                XBAR1_IRQ_0_1_2_3_IRQHandler
 .text.TEMP_LOW_HIGH_IRQHandler
                0x0000000060004778        0x8 ./startup/startup_mimxrt1011.o
                0x0000000060004778                TEMP_LOW_HIGH_IRQHandler
 .text.TEMP_PANIC_IRQHandler
                0x0000000060004780        0x8 ./startup/startup_mimxrt1011.o
                0x0000000060004780                TEMP_PANIC_IRQHandler
 .text.USB_PHY_IRQHandler
                0x0000000060004788        0x8 ./startup/startup_mimxrt1011.o
                0x0000000060004788                USB_PHY_IRQHandler
 .text.GPC_IRQHandler
                0x0000000060004790        0x8 ./startup/startup_mimxrt1011.o
                0x0000000060004790                GPC_IRQHandler
 .text.ADC1_IRQHandler
                0x0000000060004798        0x8 ./startup/startup_mimxrt1011.o
                0x0000000060004798                ADC1_IRQHandler
 .text.FLEXIO1_IRQHandler
                0x00000000600047a0        0x8 ./startup/startup_mimxrt1011.o
                0x00000000600047a0                FLEXIO1_IRQHandler
 .text.DCDC_IRQHandler
                0x00000000600047a8        0x8 ./startup/startup_mimxrt1011.o
                0x00000000600047a8                DCDC_IRQHandler
 .text.GPIO1_Combined_0_15_IRQHandler
                0x00000000600047b0        0x8 ./startup/startup_mimxrt1011.o
                0x00000000600047b0                GPIO1_Combined_0_15_IRQHandler
 .text.GPIO1_Combined_16_31_IRQHandler
                0x00000000600047b8        0x8 ./startup/startup_mimxrt1011.o
                0x00000000600047b8                GPIO1_Combined_16_31_IRQHandler
 .text.GPIO2_Combined_0_15_IRQHandler
                0x00000000600047c0        0x8 ./startup/startup_mimxrt1011.o
                0x00000000600047c0                GPIO2_Combined_0_15_IRQHandler
 .text.GPIO5_Combined_0_15_IRQHandler
                0x00000000600047c8        0x8 ./startup/startup_mimxrt1011.o
                0x00000000600047c8                GPIO5_Combined_0_15_IRQHandler
 .text.WDOG1_IRQHandler
                0x00000000600047d0        0x8 ./startup/startup_mimxrt1011.o
                0x00000000600047d0                WDOG1_IRQHandler
 .text.ADC_ETC_IRQ0_IRQHandler
                0x00000000600047d8        0x8 ./startup/startup_mimxrt1011.o
                0x00000000600047d8                ADC_ETC_IRQ0_IRQHandler
 .text.ADC_ETC_IRQ1_IRQHandler
                0x00000000600047e0        0x8 ./startup/startup_mimxrt1011.o
                0x00000000600047e0                ADC_ETC_IRQ1_IRQHandler
 .text.ADC_ETC_IRQ2_IRQHandler
                0x00000000600047e8        0x8 ./startup/startup_mimxrt1011.o
                0x00000000600047e8                ADC_ETC_IRQ2_IRQHandler
 .text.ADC_ETC_IRQ3_IRQHandler
                0x00000000600047f0        0x8 ./startup/startup_mimxrt1011.o
                0x00000000600047f0                ADC_ETC_IRQ3_IRQHandler
 .text.ADC_ETC_ERROR_IRQ_IRQHandler
                0x00000000600047f8        0x8 ./startup/startup_mimxrt1011.o
                0x00000000600047f8                ADC_ETC_ERROR_IRQ_IRQHandler
 .text.HardFault_Handler
                0x0000000060004800       0x2c ./source/semihost_hardfault.o
                0x0000000060004800                HardFault_Handler
 .text.CLOCK_IsPllBypassed
                0x000000006000482c       0x32 ./drivers/fsl_clock.o
 .text.CLOCK_IsPllEnabled
                0x000000006000485e       0x3c ./drivers/fsl_clock.o
 .text.CLOCK_GetPllBypassRefClk
                0x000000006000489a       0x34 ./drivers/fsl_clock.o
 .text.CLOCK_EnableClock
                0x00000000600048ce       0x1e ./drivers/fsl_gpio.o
 .text.GPIO_SetPinInterruptConfig
                0x00000000600048ec       0x22 ./drivers/fsl_gpio.o
 .text.CLOCK_EnableClock
                0x000000006000490e       0x1e ./drivers/fsl_lpuart.o
 .text.LPUART_SoftwareReset
                0x000000006000492c       0x2c ./drivers/fsl_lpuart.o
 .text.HAL_UartGetStatus
                0x0000000060004958       0x22 ./component/uart/lpuart_adapter.o
 .text.DisableGlobalIRQ
                0x000000006000497a       0x20 ./component/serial_manager/serial_manager.o
 .text.EnableGlobalIRQ
                0x000000006000499a       0x1e ./component/serial_manager/serial_manager.o
 .text.BOARD_InitDebugConsole
                0x00000000600049b8       0x22 ./board/board.o
                0x00000000600049b8                BOARD_InitDebugConsole
 .text.CLOCK_DisableClock
                0x00000000600049da       0x1e ./board/clock_config.o
 .text.CLOCK_SetPllBypass
                0x00000000600049f8       0x4e ./board/clock_config.o
 .text.IOMUXC_SetSaiMClkClockSource
                0x0000000060004a46       0x6c ./board/clock_config.o
 .text.CLOCK_EnableClock
                0x0000000060004ab2       0x1e ./board/pin_mux.o
 .text.IOMUXC_SetPinMux
                0x0000000060004ad0       0x3a ./board/pin_mux.o
 .text.IOMUXC_SetPinConfig
                0x0000000060004b0a       0x26 ./board/pin_mux.o
 .text.__main   0x0000000060004b30        0xe /Applications/MCUXpressoIDE_11.0.1_2563/ide/plugins/com.nxp.mcuxpresso.tools.macosx_11.0.1.201907311258/tools/bin/../lib/gcc/arm-none-eabi/8.2.1/../../../../arm-none-eabi/lib/thumb/v7e-m+fp/hard/libcr_nohost_nf.a(_cr__main.o)
                0x0000000060004b30                __main
 .text.__sys_appexit
                0x0000000060004b3e        0x2 /Applications/MCUXpressoIDE_11.0.1_2563/ide/plugins/com.nxp.mcuxpresso.tools.macosx_11.0.1.201907311258/tools/bin/../lib/gcc/arm-none-eabi/8.2.1/../../../../arm-none-eabi/lib/thumb/v7e-m+fp/hard/libcr_nohost_nf.a(__sys_appexit.o)
                0x0000000060004b3e                __exit
                0x0000000060004b3e                __sys_appexit
 .text.memset   0x0000000060004b40        0x4 /Applications/MCUXpressoIDE_11.0.1_2563/ide/plugins/com.nxp.mcuxpresso.tools.macosx_11.0.1.201907311258/tools/bin/../lib/gcc/arm-none-eabi/8.2.1/../../../../arm-none-eabi/lib/thumb/v7e-m+fp/hard/libcr_c.a(memset.o)
                0x0000000060004b40                memset
 .text._deferredlazyseek
                0x0000000060004b44       0x40 /Applications/MCUXpressoIDE_11.0.1_2563/ide/plugins/com.nxp.mcuxpresso.tools.macosx_11.0.1.201907311258/tools/bin/../lib/gcc/arm-none-eabi/8.2.1/../../../../arm-none-eabi/lib/thumb/v7e-m+fp/hard/libcr_c.a(_deferredlazyseek.o)
                0x0000000060004b44                _deferredlazyseek
 .text.__flsbuf
                0x0000000060004b84      0x140 /Applications/MCUXpressoIDE_11.0.1_2563/ide/plugins/com.nxp.mcuxpresso.tools.macosx_11.0.1.201907311258/tools/bin/../lib/gcc/arm-none-eabi/8.2.1/../../../../arm-none-eabi/lib/thumb/v7e-m+fp/hard/libcr_c.a(_deferredlazyseek.o)
                0x0000000060004b84                __flsbuf
 .text._fflush  0x0000000060004cc4       0x52 /Applications/MCUXpressoIDE_11.0.1_2563/ide/plugins/com.nxp.mcuxpresso.tools.macosx_11.0.1.201907311258/tools/bin/../lib/gcc/arm-none-eabi/8.2.1/../../../../arm-none-eabi/lib/thumb/v7e-m+fp/hard/libcr_c.a(_fflush.o)
                0x0000000060004cc4                _fflush
 .text.free     0x0000000060004d16       0x30 /Applications/MCUXpressoIDE_11.0.1_2563/ide/plugins/com.nxp.mcuxpresso.tools.macosx_11.0.1.201907311258/tools/bin/../lib/gcc/arm-none-eabi/8.2.1/../../../../arm-none-eabi/lib/thumb/v7e-m+fp/hard/libcr_c.a(alloc.o)
                0x0000000060004d16                free
 .text.fputs    0x0000000060004d46       0x2c /Applications/MCUXpressoIDE_11.0.1_2563/ide/plugins/com.nxp.mcuxpresso.tools.macosx_11.0.1.201907311258/tools/bin/../lib/gcc/arm-none-eabi/8.2.1/../../../../arm-none-eabi/lib/thumb/v7e-m+fp/hard/libcr_c.a(fputs.o)
                0x0000000060004d46                fputs
 .text.strlen   0x0000000060004d72       0x4c /Applications/MCUXpressoIDE_11.0.1_2563/ide/plugins/com.nxp.mcuxpresso.tools.macosx_11.0.1.201907311258/tools/bin/../lib/gcc/arm-none-eabi/8.2.1/../../../../arm-none-eabi/lib/thumb/v7e-m+fp/hard/libcr_c.a(strlen.o)
                0x0000000060004d72                strlen
 .text._fdopen  0x0000000060004dbe       0x68 /Applications/MCUXpressoIDE_11.0.1_2563/ide/plugins/com.nxp.mcuxpresso.tools.macosx_11.0.1.201907311258/tools/bin/../lib/gcc/arm-none-eabi/8.2.1/../../../../arm-none-eabi/lib/thumb/v7e-m+fp/hard/libcr_c.a(_fdopen.o)
                0x0000000060004dbe                _fdopen
 .text.fclose   0x0000000060004e26       0x58 /Applications/MCUXpressoIDE_11.0.1_2563/ide/plugins/com.nxp.mcuxpresso.tools.macosx_11.0.1.201907311258/tools/bin/../lib/gcc/arm-none-eabi/8.2.1/../../../../arm-none-eabi/lib/thumb/v7e-m+fp/hard/libcr_c.a(fclose.o)
                0x0000000060004e26                fclose
 .text.remove   0x0000000060004e7e       0x14 /Applications/MCUXpressoIDE_11.0.1_2563/ide/plugins/com.nxp.mcuxpresso.tools.macosx_11.0.1.201907311258/tools/bin/../lib/gcc/arm-none-eabi/8.2.1/../../../../arm-none-eabi/lib/thumb/v7e-m+fp/hard/libcr_c.a(remove.o)
                0x0000000060004e7e                remove
 .text._do_fflush
                0x0000000060004e92       0x40 /Applications/MCUXpressoIDE_11.0.1_2563/ide/plugins/com.nxp.mcuxpresso.tools.macosx_11.0.1.201907311258/tools/bin/../lib/gcc/arm-none-eabi/8.2.1/../../../../arm-none-eabi/lib/thumb/v7e-m+fp/hard/libcr_c.a(_do_fflush.o)
                0x0000000060004e92                _do_fflush
 .text.__aeabi_division_uldivmod
                0x0000000060004ed2      0x174 /Applications/MCUXpressoIDE_11.0.1_2563/ide/plugins/com.nxp.mcuxpresso.tools.macosx_11.0.1.201907311258/tools/bin/../lib/gcc/arm-none-eabi/8.2.1/thumb/v7e-m+fp/hard/libcr_eabihelpers.a(division_64.o)
                0x0000000060004ed2                __aeabi_uldivmod
                0x0000000060004ed6                __bhs_ldivmod1
 .text.__aeabi_division_idiv0
                0x0000000060005046        0x2 /Applications/MCUXpressoIDE_11.0.1_2563/ide/plugins/com.nxp.mcuxpresso.tools.macosx_11.0.1.201907311258/tools/bin/../lib/gcc/arm-none-eabi/8.2.1/thumb/v7e-m+fp/hard/libcr_eabihelpers.a(division_idiv0.o)
                0x0000000060005046                __aeabi_idiv0
 .text.__aeabi_memset_lowlevel
                0x0000000060005048       0x32 /Applications/MCUXpressoIDE_11.0.1_2563/ide/plugins/com.nxp.mcuxpresso.tools.macosx_11.0.1.201907311258/tools/bin/../lib/gcc/arm-none-eabi/8.2.1/thumb/v7e-m+fp/hard/libcr_eabihelpers.a(memcpy.o)
                0x0000000060005048                __aeabi_lowlevel_memset
 .text.__sys_close
                0x000000006000507a        0x6 /Applications/MCUXpressoIDE_11.0.1_2563/ide/plugins/com.nxp.mcuxpresso.tools.macosx_11.0.1.201907311258/tools/bin/../lib/gcc/arm-none-eabi/8.2.1/../../../../arm-none-eabi/lib/thumb/v7e-m+fp/hard/libcr_nohost_nf.a(__sys_close.o)
                0x000000006000507a                __sys_close
 .text.__sys_flen
                0x0000000060005080        0x6 /Applications/MCUXpressoIDE_11.0.1_2563/ide/plugins/com.nxp.mcuxpresso.tools.macosx_11.0.1.201907311258/tools/bin/../lib/gcc/arm-none-eabi/8.2.1/../../../../arm-none-eabi/lib/thumb/v7e-m+fp/hard/libcr_nohost_nf.a(__sys_flen.o)
                0x0000000060005080                __sys_flen
 .text.__sys_istty
                0x0000000060005086        0x6 /Applications/MCUXpressoIDE_11.0.1_2563/ide/plugins/com.nxp.mcuxpresso.tools.macosx_11.0.1.201907311258/tools/bin/../lib/gcc/arm-none-eabi/8.2.1/../../../../arm-none-eabi/lib/thumb/v7e-m+fp/hard/libcr_nohost_nf.a(__sys_istty.o)
                0x0000000060005086                __sys_istty
 .text.__sys_remove
                0x000000006000508c        0x6 /Applications/MCUXpressoIDE_11.0.1_2563/ide/plugins/com.nxp.mcuxpresso.tools.macosx_11.0.1.201907311258/tools/bin/../lib/gcc/arm-none-eabi/8.2.1/../../../../arm-none-eabi/lib/thumb/v7e-m+fp/hard/libcr_nohost_nf.a(__sys_remove.o)
                0x000000006000508c                __sys_remove
 .text.__sys_seek
                0x0000000060005092        0x6 /Applications/MCUXpressoIDE_11.0.1_2563/ide/plugins/com.nxp.mcuxpresso.tools.macosx_11.0.1.201907311258/tools/bin/../lib/gcc/arm-none-eabi/8.2.1/../../../../arm-none-eabi/lib/thumb/v7e-m+fp/hard/libcr_nohost_nf.a(__sys_seek.o)
                0x0000000060005092                __sys_seek
 .text.__sys_tmpnam
                0x0000000060005098        0x6 /Applications/MCUXpressoIDE_11.0.1_2563/ide/plugins/com.nxp.mcuxpresso.tools.macosx_11.0.1.201907311258/tools/bin/../lib/gcc/arm-none-eabi/8.2.1/../../../../arm-none-eabi/lib/thumb/v7e-m+fp/hard/libcr_nohost_nf.a(__sys_tmpnam.o)
                0x0000000060005098                __sys_tmpnam
 .text.__sys_write
                0x000000006000509e        0x4 /Applications/MCUXpressoIDE_11.0.1_2563/ide/plugins/com.nxp.mcuxpresso.tools.macosx_11.0.1.201907311258/tools/bin/../lib/gcc/arm-none-eabi/8.2.1/../../../../arm-none-eabi/lib/thumb/v7e-m+fp/hard/libcr_nohost_nf.a(__sys_write.o)
                0x000000006000509e                __sys_write
 *(SORT_BY_ALIGNMENT(.rodata) SORT_BY_ALIGNMENT(.rodata.*) SORT_BY_ALIGNMENT(.constdata) SORT_BY_ALIGNMENT(.constdata.*))
 *fill*         0x00000000600050a2        0x2 ff
 .rodata        0x00000000600050a4      0x21f ./utilities/fsl_debug_console.o
 *fill*         0x00000000600052c3        0x1 ff
 .rodata        0x00000000600052c4       0x2c ./drivers/fsl_clock.o
 .rodata        0x00000000600052f0       0x8e ./drivers/fsl_gpio.o
 *fill*         0x000000006000537e        0x2 ff
 .rodata.s_gpioBases
                0x0000000060005380       0x18 ./drivers/fsl_gpio.o
 .rodata.s_gpioClock
                0x0000000060005398        0xc ./drivers/fsl_gpio.o
 .rodata        0x00000000600053a4      0x6ae ./drivers/fsl_lpuart.o
 *fill*         0x0000000060005a52        0x2 ff
 .rodata.s_lpuartBases
                0x0000000060005a54       0x14 ./drivers/fsl_lpuart.o
 .rodata.s_lpuartClock
                0x0000000060005a68        0xa ./drivers/fsl_lpuart.o
 *fill*         0x0000000060005a72        0x2 ff
 .rodata.s_LpuartAdapterBase
                0x0000000060005a74       0x14 ./component/uart/lpuart_adapter.o
 .rodata        0x0000000060005a88      0x274 ./component/uart/lpuart_adapter.o
 .rodata        0x0000000060005cfc      0x55d ./component/serial_manager/serial_manager.o
 *fill*         0x0000000060006259        0x3 ff
 .rodata        0x000000006000625c      0x244 ./component/serial_manager/serial_port_uart.o
 .rodata        0x00000000600064a0       0xa0 ./board/clock_config.o
 .rodata.sysPllConfig_BOARD_BootClockRUN
                0x0000000060006540       0x14 ./board/clock_config.o
                0x0000000060006540                sysPllConfig_BOARD_BootClockRUN
 .rodata.enetPllConfig_BOARD_BootClockRUN
                0x0000000060006554        0x5 ./board/clock_config.o
                0x0000000060006554                enetPllConfig_BOARD_BootClockRUN
 *fill*         0x0000000060006559        0x3 ff
 .rodata        0x000000006000655c       0x28 ./board/pin_mux.o
 .rodata.__num_Ciob_streams
                0x0000000060006584        0x4 /Applications/MCUXpressoIDE_11.0.1_2563/ide/plugins/com.nxp.mcuxpresso.tools.macosx_11.0.1.201907311258/tools/bin/../lib/gcc/arm-none-eabi/8.2.1/../../../../arm-none-eabi/lib/thumb/v7e-m+fp/hard/libcr_nohost_nf.a(__ciob.o)
                0x0000000060006584                __num_Ciob_streams
 .rodata.__assertion_failed.str1.1
                0x0000000060006588       0x15 /Applications/MCUXpressoIDE_11.0.1_2563/ide/plugins/com.nxp.mcuxpresso.tools.macosx_11.0.1.201907311258/tools/bin/../lib/gcc/arm-none-eabi/8.2.1/../../../../arm-none-eabi/lib/thumb/v7e-m+fp/hard/libcr_nohost_nf.a(_cr_assert.o)
 .rodata._Csys_alloc.str1.1
                0x000000006000659d       0x18 /Applications/MCUXpressoIDE_11.0.1_2563/ide/plugins/com.nxp.mcuxpresso.tools.macosx_11.0.1.201907311258/tools/bin/../lib/gcc/arm-none-eabi/8.2.1/../../../../arm-none-eabi/lib/thumb/v7e-m+fp/hard/libcr_c.a(alloc.o)
 .rodata._initio.str1.1
                0x00000000600065b5        0x4 /Applications/MCUXpressoIDE_11.0.1_2563/ide/plugins/com.nxp.mcuxpresso.tools.macosx_11.0.1.201907311258/tools/bin/../lib/gcc/arm-none-eabi/8.2.1/../../../../arm-none-eabi/lib/thumb/v7e-m+fp/hard/libcr_c.a(initio.o)
                0x00000000600065bc                . = ALIGN (0x4)
 *fill*         0x00000000600065b9        0x3 ff

.glue_7         0x00000000600065bc        0x0
 .glue_7        0x00000000600065bc        0x0 linker stubs

.glue_7t        0x00000000600065bc        0x0
 .glue_7t       0x00000000600065bc        0x0 linker stubs

.vfp11_veneer   0x00000000600065bc        0x0
 .vfp11_veneer  0x00000000600065bc        0x0 linker stubs

.v4_bx          0x00000000600065bc        0x0
 .v4_bx         0x00000000600065bc        0x0 linker stubs

.iplt           0x00000000600065bc        0x0
 .iplt          0x00000000600065bc        0x0 ./xip/evkmimxrt1010_flexspi_nor_config.o

.rel.dyn        0x00000000600065bc        0x0
 .rel.iplt      0x00000000600065bc        0x0 ./xip/evkmimxrt1010_flexspi_nor_config.o

.ARM.extab
 *(SORT_BY_ALIGNMENT(.ARM.extab*) SORT_BY_ALIGNMENT(.gnu.linkonce.armextab.*))
                0x00000000600065bc                __exidx_start = .

.ARM.exidx
 *(SORT_BY_ALIGNMENT(.ARM.exidx*) SORT_BY_ALIGNMENT(.gnu.linkonce.armexidx.*))
                0x00000000600065bc                __exidx_end = .
                0x00000000600065bc                _etext = .

.data_RAM2      0x0000000000000000        0x0 load address 0x00000000600065bc
 FILL mask 0xff
                [!provide]                        PROVIDE (__start_data_RAM2 = .)
 *(SORT_BY_ALIGNMENT(.ramfunc.$RAM2))
 *(SORT_BY_ALIGNMENT(.ramfunc.$SRAM_ITC))
 *(SORT_BY_ALIGNMENT(.data.$RAM2))
 *(SORT_BY_ALIGNMENT(.data.$SRAM_ITC))
 *(SORT_BY_ALIGNMENT(.data.$RAM2.*))
 *(SORT_BY_ALIGNMENT(.data.$SRAM_ITC.*))
                0x0000000000000000                . = ALIGN (0x4)
                [!provide]                        PROVIDE (__end_data_RAM2 = .)

.data_RAM3      0x0000000020200000        0x0 load address 0x00000000600065bc
 FILL mask 0xff
                [!provide]                        PROVIDE (__start_data_RAM3 = .)
 *(SORT_BY_ALIGNMENT(.ramfunc.$RAM3))
 *(SORT_BY_ALIGNMENT(.ramfunc.$SRAM_OC))
 *(SORT_BY_ALIGNMENT(.data.$RAM3))
 *(SORT_BY_ALIGNMENT(.data.$SRAM_OC))
 *(SORT_BY_ALIGNMENT(.data.$RAM3.*))
 *(SORT_BY_ALIGNMENT(.data.$SRAM_OC.*))
                0x0000000020200000                . = ALIGN (0x4)
                [!provide]                        PROVIDE (__end_data_RAM3 = .)

.data_RAM4      0x0000000020210000        0x0 load address 0x00000000600065bc
 FILL mask 0xff
                [!provide]                        PROVIDE (__start_data_RAM4 = .)
 *(SORT_BY_ALIGNMENT(.ramfunc.$RAM4))
 *(SORT_BY_ALIGNMENT(.ramfunc.$NCACHE_REGION))
 *(SORT_BY_ALIGNMENT(.data.$RAM4))
 *(SORT_BY_ALIGNMENT(.data.$NCACHE_REGION))
 *(SORT_BY_ALIGNMENT(.data.$RAM4.*))
 *(SORT_BY_ALIGNMENT(.data.$NCACHE_REGION.*))
                0x0000000020210000                . = ALIGN (0x4)
                [!provide]                        PROVIDE (__end_data_RAM4 = .)

.uninit_RESERVED
                0x0000000020000000        0x0
                0x0000000020000000                . = ALIGN (0x4)
 *(SORT_BY_ALIGNMENT(.bss.$RESERVED*))
                0x0000000020000000                . = ALIGN (0x4)
                0x0000000020000000                _end_uninit_RESERVED = .

.data           0x0000000020000000        0x4 load address 0x00000000600065bc
 FILL mask 0xff
                0x0000000020000000                _data = .
 *(SORT_BY_ALIGNMENT(vtable))
 *(SORT_BY_ALIGNMENT(.ramfunc*))
 *(SORT_BY_ALIGNMENT(CodeQuickAccess))
 *(SORT_BY_ALIGNMENT(DataQuickAccess))
 *(SORT_BY_ALIGNMENT(RamFunction))
 *(SORT_BY_ALIGNMENT(NonCacheable.init))
 *(SORT_BY_ALIGNMENT(.data*))
 .data.SystemCoreClock
                0x0000000020000000        0x4 ./device/system_MIMXRT1011.o
                0x0000000020000000                SystemCoreClock
                0x0000000020000004                . = ALIGN (0x4)
                0x0000000020000004                _edata = .

.igot.plt       0x0000000020000004        0x0 load address 0x00000000600065c0
 .igot.plt      0x0000000020000004        0x0 ./xip/evkmimxrt1010_flexspi_nor_config.o

.bss_RAM2       0x0000000000000000        0x0
                0x0000000000000000                . = ALIGN (0x4)
                [!provide]                        PROVIDE (__start_bss_RAM2 = .)
 *(SORT_BY_ALIGNMENT(.bss.$RAM2))
 *(SORT_BY_ALIGNMENT(.bss.$SRAM_ITC))
 *(SORT_BY_ALIGNMENT(.bss.$RAM2.*))
 *(SORT_BY_ALIGNMENT(.bss.$SRAM_ITC.*))
                0x0000000000000000                . = ALIGN ((. != 0x0)?0x4:0x1)
                [!provide]                        PROVIDE (__end_bss_RAM2 = .)

.bss_RAM3       0x0000000020200000        0x0
                0x0000000020200000                . = ALIGN (0x4)
                [!provide]                        PROVIDE (__start_bss_RAM3 = .)
 *(SORT_BY_ALIGNMENT(.bss.$RAM3))
 *(SORT_BY_ALIGNMENT(.bss.$SRAM_OC))
 *(SORT_BY_ALIGNMENT(.bss.$RAM3.*))
 *(SORT_BY_ALIGNMENT(.bss.$SRAM_OC.*))
                0x0000000020200000                . = ALIGN ((. != 0x0)?0x4:0x1)
                [!provide]                        PROVIDE (__end_bss_RAM3 = .)

.bss_RAM4       0x0000000020210000        0x0
                0x0000000020210000                . = ALIGN (0x4)
                [!provide]                        PROVIDE (__start_bss_RAM4 = .)
 *(SORT_BY_ALIGNMENT(.bss.$RAM4))
 *(SORT_BY_ALIGNMENT(.bss.$NCACHE_REGION))
 *(SORT_BY_ALIGNMENT(.bss.$RAM4.*))
 *(SORT_BY_ALIGNMENT(.bss.$NCACHE_REGION.*))
                0x0000000020210000                . = ALIGN ((. != 0x0)?0x4:0x1)
                [!provide]                        PROVIDE (__end_bss_RAM4 = .)

.bss            0x0000000020000004      0x108
                0x0000000020000004                . = ALIGN (0x4)
                0x0000000020000004                _bss = .
 *(SORT_BY_ALIGNMENT(NonCacheable))
 *(SORT_BY_ALIGNMENT(.bss*))
 .bss.s_debugConsoleState
                0x0000000020000004       0x1c ./utilities/fsl_debug_console.o
 .bss.g_serialHandle
                0x0000000020000020        0x4 ./utilities/fsl_debug_console.o
                0x0000000020000020                g_serialHandle
 .bss.g_systickCounter
                0x0000000020000024        0x4 ./source/led_matrix_driver.o
                0x0000000020000024                g_systickCounter
 .bss.g_xtalFreq
                0x0000000020000028        0x4 ./drivers/fsl_clock.o
                0x0000000020000028                g_xtalFreq
 .bss.g_rtcXtalFreq
                0x000000002000002c        0x4 ./drivers/fsl_clock.o
                0x000000002000002c                g_rtcXtalFreq
 .bss.s_lpuartHandle
                0x0000000020000030       0x14 ./drivers/fsl_lpuart.o
 .bss.s_lpuartIsr
                0x0000000020000044        0x4 ./drivers/fsl_lpuart.o
 .bss.__Ciob    0x0000000020000048       0xb4 /Applications/MCUXpressoIDE_11.0.1_2563/ide/plugins/com.nxp.mcuxpresso.tools.macosx_11.0.1.201907311258/tools/bin/../lib/gcc/arm-none-eabi/8.2.1/../../../../arm-none-eabi/lib/thumb/v7e-m+fp/hard/libcr_nohost_nf.a(__ciob.o)
                0x0000000020000048                __Ciob
 .bss.__end_of_heap
                0x00000000200000fc        0x4 /Applications/MCUXpressoIDE_11.0.1_2563/ide/plugins/com.nxp.mcuxpresso.tools.macosx_11.0.1.201907311258/tools/bin/../lib/gcc/arm-none-eabi/8.2.1/../../../../arm-none-eabi/lib/thumb/v7e-m+fp/hard/libcr_c.a(__init_alloc.o)
                0x00000000200000fc                __end_of_heap
 .bss.__heaps   0x0000000020000100        0x4 /Applications/MCUXpressoIDE_11.0.1_2563/ide/plugins/com.nxp.mcuxpresso.tools.macosx_11.0.1.201907311258/tools/bin/../lib/gcc/arm-none-eabi/8.2.1/../../../../arm-none-eabi/lib/thumb/v7e-m+fp/hard/libcr_c.a(__init_alloc.o)
                0x0000000020000100                __heaps
 .bss.errno     0x0000000020000104        0x4 /Applications/MCUXpressoIDE_11.0.1_2563/ide/plugins/com.nxp.mcuxpresso.tools.macosx_11.0.1.201907311258/tools/bin/../lib/gcc/arm-none-eabi/8.2.1/../../../../arm-none-eabi/lib/thumb/v7e-m+fp/hard/libcr_c.a(errno.o)
                0x0000000020000104                errno
 .bss.g_pinSet  0x0000000020000108        0x1 ./source/led_matrix_driver.o
                0x0000000020000108                g_pinSet
 *(SORT_BY_ALIGNMENT(COMMON))
                0x000000002000010c                . = ALIGN (0x4)
 *fill*         0x0000000020000109        0x3 
                0x000000002000010c                _ebss = .
                [!provide]                        PROVIDE (end = .)

.noinit_RAM2    0x0000000000000000        0x0
                0x0000000000000000                . = ALIGN (0x4)
 *(SORT_BY_ALIGNMENT(.noinit.$RAM2))
 *(SORT_BY_ALIGNMENT(.noinit.$SRAM_ITC))
 *(SORT_BY_ALIGNMENT(.noinit.$RAM2.*))
 *(SORT_BY_ALIGNMENT(.noinit.$SRAM_ITC.*))
                0x0000000000000000                . = ALIGN (0x4)

.noinit_RAM3    0x0000000020200000        0x0
                0x0000000020200000                . = ALIGN (0x4)
 *(SORT_BY_ALIGNMENT(.noinit.$RAM3))
 *(SORT_BY_ALIGNMENT(.noinit.$SRAM_OC))
 *(SORT_BY_ALIGNMENT(.noinit.$RAM3.*))
 *(SORT_BY_ALIGNMENT(.noinit.$SRAM_OC.*))
                0x0000000020200000                . = ALIGN (0x4)

.noinit_RAM4    0x0000000020210000        0x0
                0x0000000020210000                . = ALIGN (0x4)
 *(SORT_BY_ALIGNMENT(.noinit.$RAM4))
 *(SORT_BY_ALIGNMENT(.noinit.$NCACHE_REGION))
 *(SORT_BY_ALIGNMENT(.noinit.$RAM4.*))
 *(SORT_BY_ALIGNMENT(.noinit.$NCACHE_REGION.*))
                0x0000000020210000                . = ALIGN (0x4)

.noinit         0x000000002000010c        0x0
                0x000000002000010c                . = ALIGN (0x4)
                0x000000002000010c                _noinit = .
 *(SORT_BY_ALIGNMENT(.noinit*))
                0x000000002000010c                . = ALIGN (0x4)
                0x000000002000010c                _end_noinit = .
                0x0000000000000800                _HeapSize = 0x800

.heap           0x000000002000010c      0x800
                0x000000002000010c                _pvHeapStart = .
                0x000000002000090c                . = (. + _HeapSize)
 *fill*         0x000000002000010c      0x800 
                0x000000002000090c                . = ALIGN (0x4)
                0x000000002000090c                _pvHeapLimit = .
                0x0000000000000800                _StackSize = 0x800

.heap2stackfill
                0x000000002000090c      0x800
                0x000000002000110c                . = (. + _StackSize)
 *fill*         0x000000002000090c      0x800 

.stack          0x0000000020007800        0x0
                0x0000000020007800                _vStackBase = .
                0x0000000020007800                . = ALIGN (0x4)
                0x0000000020008000                _vStackTop = (. + _StackSize)
                0x0000000060002000                _image_start = LOADADDR (.text)
                0x00000000600065c0                _image_end = (LOADADDR (.data) + SIZEOF (.data))
                0x00000000000045c0                _image_size = (_image_end - _image_start)
OUTPUT(evkmimxrt1010_iled_blinky_led_matrix_driver.axf elf32-littlearm)

.debug_info     0x0000000000000000     0xc893
 .debug_info    0x0000000000000000      0x7e2 ./xip/evkmimxrt1010_flexspi_nor_config.o
 .debug_info    0x00000000000007e2      0x5cb ./xip/fsl_flexspi_nor_boot.o
 .debug_info    0x0000000000000dad      0xa20 ./utilities/fsl_debug_console.o
 .debug_info    0x00000000000017cd      0x81b ./startup/startup_mimxrt1011.o
 .debug_info    0x0000000000001fe8      0xdba ./source/led_matrix_driver.o
 .debug_info    0x0000000000002da2       0x3c ./source/semihost_hardfault.o
 .debug_info    0x0000000000002dde     0x1a9f ./drivers/fsl_clock.o
 .debug_info    0x000000000000487d      0xb4e ./drivers/fsl_gpio.o
 .debug_info    0x00000000000053cb     0x1e45 ./drivers/fsl_lpuart.o
 .debug_info    0x0000000000007210      0xc90 ./device/system_MIMXRT1011.o
 .debug_info    0x0000000000007ea0      0x9ec ./component/uart/lpuart_adapter.o
 .debug_info    0x000000000000888c      0x8b1 ./component/serial_manager/serial_manager.o
 .debug_info    0x000000000000913d      0x503 ./component/serial_manager/serial_port_uart.o
 .debug_info    0x0000000000009640     0x12ea ./board/board.o
 .debug_info    0x000000000000a92a     0x14a8 ./board/clock_config.o
 .debug_info    0x000000000000bdd2      0xac1 ./board/pin_mux.o

.debug_abbrev   0x0000000000000000     0x1f63
 .debug_abbrev  0x0000000000000000      0x14c ./xip/evkmimxrt1010_flexspi_nor_config.o
 .debug_abbrev  0x000000000000014c      0x13f ./xip/fsl_flexspi_nor_boot.o
 .debug_abbrev  0x000000000000028b      0x20b ./utilities/fsl_debug_console.o
 .debug_abbrev  0x0000000000000496      0x147 ./startup/startup_mimxrt1011.o
 .debug_abbrev  0x00000000000005dd      0x204 ./source/led_matrix_driver.o
 .debug_abbrev  0x00000000000007e1       0x31 ./source/semihost_hardfault.o
 .debug_abbrev  0x0000000000000812      0x378 ./drivers/fsl_clock.o
 .debug_abbrev  0x0000000000000b8a      0x255 ./drivers/fsl_gpio.o
 .debug_abbrev  0x0000000000000ddf      0x364 ./drivers/fsl_lpuart.o
 .debug_abbrev  0x0000000000001143      0x1c7 ./device/system_MIMXRT1011.o
 .debug_abbrev  0x000000000000130a      0x1c3 ./component/uart/lpuart_adapter.o
 .debug_abbrev  0x00000000000014cd      0x240 ./component/serial_manager/serial_manager.o
 .debug_abbrev  0x000000000000170d      0x160 ./component/serial_manager/serial_port_uart.o
 .debug_abbrev  0x000000000000186d      0x2f2 ./board/board.o
 .debug_abbrev  0x0000000000001b5f      0x218 ./board/clock_config.o
 .debug_abbrev  0x0000000000001d77      0x1ec ./board/pin_mux.o

.debug_aranges  0x0000000000000000      0x8f8
 .debug_aranges
                0x0000000000000000       0x18 ./xip/evkmimxrt1010_flexspi_nor_config.o
 .debug_aranges
                0x0000000000000018       0x18 ./xip/fsl_flexspi_nor_boot.o
 .debug_aranges
                0x0000000000000030       0x80 ./utilities/fsl_debug_console.o
 .debug_aranges
                0x00000000000000b0      0x2e0 ./startup/startup_mimxrt1011.o
 .debug_aranges
                0x0000000000000390       0x40 ./source/led_matrix_driver.o
 .debug_aranges
                0x00000000000003d0       0x20 ./source/semihost_hardfault.o
 .debug_aranges
                0x00000000000003f0      0x120 ./drivers/fsl_clock.o
 .debug_aranges
                0x0000000000000510       0x50 ./drivers/fsl_gpio.o
 .debug_aranges
                0x0000000000000560      0x140 ./drivers/fsl_lpuart.o
 .debug_aranges
                0x00000000000006a0       0x30 ./device/system_MIMXRT1011.o
 .debug_aranges
                0x00000000000006d0       0x40 ./component/uart/lpuart_adapter.o
 .debug_aranges
                0x0000000000000710       0x98 ./component/serial_manager/serial_manager.o
 .debug_aranges
                0x00000000000007a8       0x38 ./component/serial_manager/serial_port_uart.o
 .debug_aranges
                0x00000000000007e0       0x60 ./board/board.o
 .debug_aranges
                0x0000000000000840       0x70 ./board/clock_config.o
 .debug_aranges
                0x00000000000008b0       0x48 ./board/pin_mux.o

.debug_macro    0x0000000000000000    0x1e471
 .debug_macro   0x0000000000000000      0x118 ./xip/evkmimxrt1010_flexspi_nor_config.o
 .debug_macro   0x0000000000000118      0xad2 ./xip/evkmimxrt1010_flexspi_nor_config.o
 .debug_macro   0x0000000000000bea       0x10 ./xip/evkmimxrt1010_flexspi_nor_config.o
 .debug_macro   0x0000000000000bfa      0x12e ./xip/evkmimxrt1010_flexspi_nor_config.o
 .debug_macro   0x0000000000000d28      0x5b3 ./xip/evkmimxrt1010_flexspi_nor_config.o
 .debug_macro   0x00000000000012db       0x22 ./xip/evkmimxrt1010_flexspi_nor_config.o
 .debug_macro   0x00000000000012fd       0x16 ./xip/evkmimxrt1010_flexspi_nor_config.o
 .debug_macro   0x0000000000001313       0x22 ./xip/evkmimxrt1010_flexspi_nor_config.o
 .debug_macro   0x0000000000001335       0x10 ./xip/evkmimxrt1010_flexspi_nor_config.o
 .debug_macro   0x0000000000001345       0x4d ./xip/evkmimxrt1010_flexspi_nor_config.o
 .debug_macro   0x0000000000001392       0x1c ./xip/evkmimxrt1010_flexspi_nor_config.o
 .debug_macro   0x00000000000013ae       0x22 ./xip/evkmimxrt1010_flexspi_nor_config.o
 .debug_macro   0x00000000000013d0       0xd8 ./xip/evkmimxrt1010_flexspi_nor_config.o
 .debug_macro   0x00000000000014a8     0x1305 ./xip/evkmimxrt1010_flexspi_nor_config.o
 .debug_macro   0x00000000000027ad      0x11f ./xip/evkmimxrt1010_flexspi_nor_config.o
 .debug_macro   0x00000000000028cc       0x20 ./xip/evkmimxrt1010_flexspi_nor_config.o
 .debug_macro   0x00000000000028ec       0x1c ./xip/evkmimxrt1010_flexspi_nor_config.o
 .debug_macro   0x0000000000002908    0x194f4 ./xip/evkmimxrt1010_flexspi_nor_config.o
 .debug_macro   0x000000000001bdfc      0x54e ./xip/evkmimxrt1010_flexspi_nor_config.o
 .debug_macro   0x000000000001c34a       0xd7 ./xip/evkmimxrt1010_flexspi_nor_config.o
 .debug_macro   0x000000000001c421      0x193 ./xip/evkmimxrt1010_flexspi_nor_config.o
 .debug_macro   0x000000000001c5b4      0x1a4 ./xip/evkmimxrt1010_flexspi_nor_config.o
 .debug_macro   0x000000000001c758      0x13f ./xip/fsl_flexspi_nor_boot.o
 .debug_macro   0x000000000001c897       0xca ./xip/fsl_flexspi_nor_boot.o
 .debug_macro   0x000000000001c961       0x10 ./xip/fsl_flexspi_nor_boot.o
 .debug_macro   0x000000000001c971      0x195 ./xip/fsl_flexspi_nor_boot.o
 .debug_macro   0x000000000001cb06       0x7c ./xip/fsl_flexspi_nor_boot.o
 .debug_macro   0x000000000001cb82      0x17b ./utilities/fsl_debug_console.o
 .debug_macro   0x000000000001ccfd       0x16 ./utilities/fsl_debug_console.o
 .debug_macro   0x000000000001cd13       0x10 ./utilities/fsl_debug_console.o
 .debug_macro   0x000000000001cd23       0x28 ./utilities/fsl_debug_console.o
 .debug_macro   0x000000000001cd4b       0x56 ./utilities/fsl_debug_console.o
 .debug_macro   0x000000000001cda1       0x34 ./utilities/fsl_debug_console.o
 .debug_macro   0x000000000001cdd5       0x29 ./startup/startup_mimxrt1011.o
 .debug_macro   0x000000000001cdfe      0x185 ./source/led_matrix_driver.o
 .debug_macro   0x000000000001cf83      0x106 ./source/led_matrix_driver.o
 .debug_macro   0x000000000001d089       0x11 ./source/semihost_hardfault.o
 .debug_macro   0x000000000001d09a      0x103 ./drivers/fsl_clock.o
 .debug_macro   0x000000000001d19d      0x113 ./drivers/fsl_gpio.o
 .debug_macro   0x000000000001d2b0      0x113 ./drivers/fsl_lpuart.o
 .debug_macro   0x000000000001d3c3       0xa7 ./device/system_MIMXRT1011.o
 .debug_macro   0x000000000001d46a      0x10f ./component/uart/lpuart_adapter.o
 .debug_macro   0x000000000001d579       0x10 ./component/uart/lpuart_adapter.o
 .debug_macro   0x000000000001d589       0x22 ./component/uart/lpuart_adapter.o
 .debug_macro   0x000000000001d5ab      0x136 ./component/serial_manager/serial_manager.o
 .debug_macro   0x000000000001d6e1      0x127 ./component/serial_manager/serial_port_uart.o
 .debug_macro   0x000000000001d808       0x22 ./component/serial_manager/serial_port_uart.o
 .debug_macro   0x000000000001d82a      0x14d ./board/board.o
 .debug_macro   0x000000000001d977       0xd0 ./board/board.o
 .debug_macro   0x000000000001da47      0x7fd ./board/board.o
 .debug_macro   0x000000000001e244      0x115 ./board/clock_config.o
 .debug_macro   0x000000000001e359      0x118 ./board/pin_mux.o

.debug_line     0x0000000000000000     0x5c68
 .debug_line    0x0000000000000000      0x2cb ./xip/evkmimxrt1010_flexspi_nor_config.o
 .debug_line    0x00000000000002cb      0x2e7 ./xip/fsl_flexspi_nor_boot.o
 .debug_line    0x00000000000005b2      0x656 ./utilities/fsl_debug_console.o
 .debug_line    0x0000000000000c08      0x87d ./startup/startup_mimxrt1011.o
 .debug_line    0x0000000000001485      0x3da ./source/led_matrix_driver.o
 .debug_line    0x000000000000185f       0x5a ./source/semihost_hardfault.o
 .debug_line    0x00000000000018b9      0xaf2 ./drivers/fsl_clock.o
 .debug_line    0x00000000000023ab      0x482 ./drivers/fsl_gpio.o
 .debug_line    0x000000000000282d     0x10bd ./drivers/fsl_lpuart.o
 .debug_line    0x00000000000038ea      0x470 ./device/system_MIMXRT1011.o
 .debug_line    0x0000000000003d5a      0x406 ./component/uart/lpuart_adapter.o
 .debug_line    0x0000000000004160      0x67b ./component/serial_manager/serial_manager.o
 .debug_line    0x00000000000047db      0x413 ./component/serial_manager/serial_port_uart.o
 .debug_line    0x0000000000004bee      0x693 ./board/board.o
 .debug_line    0x0000000000005281      0x5b3 ./board/clock_config.o
 .debug_line    0x0000000000005834      0x434 ./board/pin_mux.o

.debug_str      0x0000000000000000    0xf0ddb
 .debug_str     0x0000000000000000    0xe4dcd ./xip/evkmimxrt1010_flexspi_nor_config.o
                                      0xe4e64 (size before relaxing)
 .debug_str     0x00000000000e4dcd     0x1554 ./xip/fsl_flexspi_nor_boot.o
                                      0xe56d2 (size before relaxing)
 .debug_str     0x00000000000e6321      0xd79 ./utilities/fsl_debug_console.o
                                      0xe4f63 (size before relaxing)
 .debug_str     0x00000000000e709a      0x7a3 ./startup/startup_mimxrt1011.o
                                       0x36af (size before relaxing)
 .debug_str     0x00000000000e783d      0xddb ./source/led_matrix_driver.o
                                      0xe613e (size before relaxing)
 .debug_str     0x00000000000e8618       0x1f ./source/semihost_hardfault.o
                                       0x2eda (size before relaxing)
 .debug_str     0x00000000000e8637      0xcc0 ./drivers/fsl_clock.o
                                      0xe4ff5 (size before relaxing)
 .debug_str     0x00000000000e92f7      0x5df ./drivers/fsl_gpio.o
                                      0xe48dd (size before relaxing)
 .debug_str     0x00000000000e98d6     0x104f ./drivers/fsl_lpuart.o
                                      0xe5d1a (size before relaxing)
 .debug_str     0x00000000000ea925       0xca ./device/system_MIMXRT1011.o
                                      0xe2aba (size before relaxing)
 .debug_str     0x00000000000ea9ef      0x337 ./component/uart/lpuart_adapter.o
                                      0xe49ee (size before relaxing)
 .debug_str     0x00000000000ead26      0x3f5 ./component/serial_manager/serial_manager.o
                                      0xe420c (size before relaxing)
 .debug_str     0x00000000000eb11b       0xfc ./component/serial_manager/serial_port_uart.o
                                      0xe424d (size before relaxing)
 .debug_str     0x00000000000eb217     0x57ad ./board/board.o
                                      0xeaac9 (size before relaxing)
 .debug_str     0x00000000000f09c4      0x284 ./board/clock_config.o
                                      0xea91d (size before relaxing)
 .debug_str     0x00000000000f0c48      0x193 ./board/pin_mux.o
                                      0xe9ade (size before relaxing)

.comment        0x0000000000000000       0x75
 .comment       0x0000000000000000       0x75 ./xip/evkmimxrt1010_flexspi_nor_config.o
                                         0x76 (size before relaxing)
 .comment       0x0000000000000075       0x76 ./xip/fsl_flexspi_nor_boot.o
 .comment       0x0000000000000075       0x76 ./utilities/fsl_debug_console.o
 .comment       0x0000000000000075       0x76 ./startup/startup_mimxrt1011.o
 .comment       0x0000000000000075       0x76 ./source/led_matrix_driver.o
 .comment       0x0000000000000075       0x76 ./source/semihost_hardfault.o
 .comment       0x0000000000000075       0x76 ./drivers/fsl_clock.o
 .comment       0x0000000000000075       0x76 ./drivers/fsl_gpio.o
 .comment       0x0000000000000075       0x76 ./drivers/fsl_lpuart.o
 .comment       0x0000000000000075       0x76 ./device/system_MIMXRT1011.o
 .comment       0x0000000000000075       0x76 ./component/uart/lpuart_adapter.o
 .comment       0x0000000000000075       0x76 ./component/serial_manager/serial_manager.o
 .comment       0x0000000000000075       0x76 ./component/serial_manager/serial_port_uart.o
 .comment       0x0000000000000075       0x76 ./board/board.o
 .comment       0x0000000000000075       0x76 ./board/clock_config.o
 .comment       0x0000000000000075       0x76 ./board/pin_mux.o
 .comment       0x0000000000000075       0x76 /Applications/MCUXpressoIDE_11.0.1_2563/ide/plugins/com.nxp.mcuxpresso.tools.macosx_11.0.1.201907311258/tools/bin/../lib/gcc/arm-none-eabi/8.2.1/../../../../arm-none-eabi/lib/thumb/v7e-m+fp/hard/libcr_nohost_nf.a(_cr__main.o)
 .comment       0x0000000000000075       0x76 /Applications/MCUXpressoIDE_11.0.1_2563/ide/plugins/com.nxp.mcuxpresso.tools.macosx_11.0.1.201907311258/tools/bin/../lib/gcc/arm-none-eabi/8.2.1/../../../../arm-none-eabi/lib/thumb/v7e-m+fp/hard/libcr_nohost_nf.a(_cr_assert.o)
 .comment       0x0000000000000075       0x76 /Applications/MCUXpressoIDE_11.0.1_2563/ide/plugins/com.nxp.mcuxpresso.tools.macosx_11.0.1.201907311258/tools/bin/../lib/gcc/arm-none-eabi/8.2.1/../../../../arm-none-eabi/lib/thumb/v7e-m+fp/hard/libcr_nohost_nf.a(__ciob.o)
 .comment       0x0000000000000075       0x76 /Applications/MCUXpressoIDE_11.0.1_2563/ide/plugins/com.nxp.mcuxpresso.tools.macosx_11.0.1.201907311258/tools/bin/../lib/gcc/arm-none-eabi/8.2.1/../../../../arm-none-eabi/lib/thumb/v7e-m+fp/hard/libcr_nohost_nf.a(__sys_appexit.o)
 .comment       0x0000000000000075       0x76 /Applications/MCUXpressoIDE_11.0.1_2563/ide/plugins/com.nxp.mcuxpresso.tools.macosx_11.0.1.201907311258/tools/bin/../lib/gcc/arm-none-eabi/8.2.1/../../../../arm-none-eabi/lib/thumb/v7e-m+fp/hard/libcr_c.a(memset.o)
 .comment       0x0000000000000075       0x76 /Applications/MCUXpressoIDE_11.0.1_2563/ide/plugins/com.nxp.mcuxpresso.tools.macosx_11.0.1.201907311258/tools/bin/../lib/gcc/arm-none-eabi/8.2.1/../../../../arm-none-eabi/lib/thumb/v7e-m+fp/hard/libcr_c.a(_deferredlazyseek.o)
 .comment       0x0000000000000075       0x76 /Applications/MCUXpressoIDE_11.0.1_2563/ide/plugins/com.nxp.mcuxpresso.tools.macosx_11.0.1.201907311258/tools/bin/../lib/gcc/arm-none-eabi/8.2.1/../../../../arm-none-eabi/lib/thumb/v7e-m+fp/hard/libcr_c.a(_fflush.o)
 .comment       0x0000000000000075       0x76 /Applications/MCUXpressoIDE_11.0.1_2563/ide/plugins/com.nxp.mcuxpresso.tools.macosx_11.0.1.201907311258/tools/bin/../lib/gcc/arm-none-eabi/8.2.1/../../../../arm-none-eabi/lib/thumb/v7e-m+fp/hard/libcr_c.a(_writebuf.o)
 .comment       0x0000000000000075       0x76 /Applications/MCUXpressoIDE_11.0.1_2563/ide/plugins/com.nxp.mcuxpresso.tools.macosx_11.0.1.201907311258/tools/bin/../lib/gcc/arm-none-eabi/8.2.1/../../../../arm-none-eabi/lib/thumb/v7e-m+fp/hard/libcr_c.a(alloc.o)
 .comment       0x0000000000000075       0x76 /Applications/MCUXpressoIDE_11.0.1_2563/ide/plugins/com.nxp.mcuxpresso.tools.macosx_11.0.1.201907311258/tools/bin/../lib/gcc/arm-none-eabi/8.2.1/../../../../arm-none-eabi/lib/thumb/v7e-m+fp/hard/libcr_c.a(fputs.o)
 .comment       0x0000000000000075       0x76 /Applications/MCUXpressoIDE_11.0.1_2563/ide/plugins/com.nxp.mcuxpresso.tools.macosx_11.0.1.201907311258/tools/bin/../lib/gcc/arm-none-eabi/8.2.1/../../../../arm-none-eabi/lib/thumb/v7e-m+fp/hard/libcr_c.a(fseek.o)
 .comment       0x0000000000000075       0x76 /Applications/MCUXpressoIDE_11.0.1_2563/ide/plugins/com.nxp.mcuxpresso.tools.macosx_11.0.1.201907311258/tools/bin/../lib/gcc/arm-none-eabi/8.2.1/../../../../arm-none-eabi/lib/thumb/v7e-m+fp/hard/libcr_c.a(ftell.o)
 .comment       0x0000000000000075       0x76 /Applications/MCUXpressoIDE_11.0.1_2563/ide/plugins/com.nxp.mcuxpresso.tools.macosx_11.0.1.201907311258/tools/bin/../lib/gcc/arm-none-eabi/8.2.1/../../../../arm-none-eabi/lib/thumb/v7e-m+fp/hard/libcr_c.a(initio.o)
 .comment       0x0000000000000075       0x76 /Applications/MCUXpressoIDE_11.0.1_2563/ide/plugins/com.nxp.mcuxpresso.tools.macosx_11.0.1.201907311258/tools/bin/../lib/gcc/arm-none-eabi/8.2.1/../../../../arm-none-eabi/lib/thumb/v7e-m+fp/hard/libcr_c.a(setvbuf.o)
 .comment       0x0000000000000075       0x76 /Applications/MCUXpressoIDE_11.0.1_2563/ide/plugins/com.nxp.mcuxpresso.tools.macosx_11.0.1.201907311258/tools/bin/../lib/gcc/arm-none-eabi/8.2.1/../../../../arm-none-eabi/lib/thumb/v7e-m+fp/hard/libcr_c.a(strlen.o)
 .comment       0x0000000000000075       0x76 /Applications/MCUXpressoIDE_11.0.1_2563/ide/plugins/com.nxp.mcuxpresso.tools.macosx_11.0.1.201907311258/tools/bin/../lib/gcc/arm-none-eabi/8.2.1/../../../../arm-none-eabi/lib/thumb/v7e-m+fp/hard/libcr_c.a(__init_alloc.o)
 .comment       0x0000000000000075       0x76 /Applications/MCUXpressoIDE_11.0.1_2563/ide/plugins/com.nxp.mcuxpresso.tools.macosx_11.0.1.201907311258/tools/bin/../lib/gcc/arm-none-eabi/8.2.1/../../../../arm-none-eabi/lib/thumb/v7e-m+fp/hard/libcr_c.a(_cr_sbrk.o)
 .comment       0x0000000000000075       0x76 /Applications/MCUXpressoIDE_11.0.1_2563/ide/plugins/com.nxp.mcuxpresso.tools.macosx_11.0.1.201907311258/tools/bin/../lib/gcc/arm-none-eabi/8.2.1/../../../../arm-none-eabi/lib/thumb/v7e-m+fp/hard/libcr_c.a(_fdopen.o)
 .comment       0x0000000000000075       0x76 /Applications/MCUXpressoIDE_11.0.1_2563/ide/plugins/com.nxp.mcuxpresso.tools.macosx_11.0.1.201907311258/tools/bin/../lib/gcc/arm-none-eabi/8.2.1/../../../../arm-none-eabi/lib/thumb/v7e-m+fp/hard/libcr_c.a(errno.o)
 .comment       0x0000000000000075       0x76 /Applications/MCUXpressoIDE_11.0.1_2563/ide/plugins/com.nxp.mcuxpresso.tools.macosx_11.0.1.201907311258/tools/bin/../lib/gcc/arm-none-eabi/8.2.1/../../../../arm-none-eabi/lib/thumb/v7e-m+fp/hard/libcr_c.a(fclose.o)
 .comment       0x0000000000000075       0x76 /Applications/MCUXpressoIDE_11.0.1_2563/ide/plugins/com.nxp.mcuxpresso.tools.macosx_11.0.1.201907311258/tools/bin/../lib/gcc/arm-none-eabi/8.2.1/../../../../arm-none-eabi/lib/thumb/v7e-m+fp/hard/libcr_c.a(fflush.o)
 .comment       0x0000000000000075       0x76 /Applications/MCUXpressoIDE_11.0.1_2563/ide/plugins/com.nxp.mcuxpresso.tools.macosx_11.0.1.201907311258/tools/bin/../lib/gcc/arm-none-eabi/8.2.1/../../../../arm-none-eabi/lib/thumb/v7e-m+fp/hard/libcr_c.a(remove.o)
 .comment       0x0000000000000075       0x76 /Applications/MCUXpressoIDE_11.0.1_2563/ide/plugins/com.nxp.mcuxpresso.tools.macosx_11.0.1.201907311258/tools/bin/../lib/gcc/arm-none-eabi/8.2.1/../../../../arm-none-eabi/lib/thumb/v7e-m+fp/hard/libcr_c.a(_cr_check_heap.o)
 .comment       0x0000000000000075       0x76 /Applications/MCUXpressoIDE_11.0.1_2563/ide/plugins/com.nxp.mcuxpresso.tools.macosx_11.0.1.201907311258/tools/bin/../lib/gcc/arm-none-eabi/8.2.1/../../../../arm-none-eabi/lib/thumb/v7e-m+fp/hard/libcr_c.a(_do_fflush.o)
 .comment       0x0000000000000075       0x76 /Applications/MCUXpressoIDE_11.0.1_2563/ide/plugins/com.nxp.mcuxpresso.tools.macosx_11.0.1.201907311258/tools/bin/../lib/gcc/arm-none-eabi/8.2.1/../../../../arm-none-eabi/lib/thumb/v7e-m+fp/hard/libcr_nohost_nf.a(__sys_close.o)
 .comment       0x0000000000000075       0x76 /Applications/MCUXpressoIDE_11.0.1_2563/ide/plugins/com.nxp.mcuxpresso.tools.macosx_11.0.1.201907311258/tools/bin/../lib/gcc/arm-none-eabi/8.2.1/../../../../arm-none-eabi/lib/thumb/v7e-m+fp/hard/libcr_nohost_nf.a(__sys_flen.o)
 .comment       0x0000000000000075       0x76 /Applications/MCUXpressoIDE_11.0.1_2563/ide/plugins/com.nxp.mcuxpresso.tools.macosx_11.0.1.201907311258/tools/bin/../lib/gcc/arm-none-eabi/8.2.1/../../../../arm-none-eabi/lib/thumb/v7e-m+fp/hard/libcr_nohost_nf.a(__sys_istty.o)
 .comment       0x0000000000000075       0x76 /Applications/MCUXpressoIDE_11.0.1_2563/ide/plugins/com.nxp.mcuxpresso.tools.macosx_11.0.1.201907311258/tools/bin/../lib/gcc/arm-none-eabi/8.2.1/../../../../arm-none-eabi/lib/thumb/v7e-m+fp/hard/libcr_nohost_nf.a(__sys_remove.o)
 .comment       0x0000000000000075       0x76 /Applications/MCUXpressoIDE_11.0.1_2563/ide/plugins/com.nxp.mcuxpresso.tools.macosx_11.0.1.201907311258/tools/bin/../lib/gcc/arm-none-eabi/8.2.1/../../../../arm-none-eabi/lib/thumb/v7e-m+fp/hard/libcr_nohost_nf.a(__sys_seek.o)
 .comment       0x0000000000000075       0x76 /Applications/MCUXpressoIDE_11.0.1_2563/ide/plugins/com.nxp.mcuxpresso.tools.macosx_11.0.1.201907311258/tools/bin/../lib/gcc/arm-none-eabi/8.2.1/../../../../arm-none-eabi/lib/thumb/v7e-m+fp/hard/libcr_nohost_nf.a(__sys_tmpnam.o)
 .comment       0x0000000000000075       0x76 /Applications/MCUXpressoIDE_11.0.1_2563/ide/plugins/com.nxp.mcuxpresso.tools.macosx_11.0.1.201907311258/tools/bin/../lib/gcc/arm-none-eabi/8.2.1/../../../../arm-none-eabi/lib/thumb/v7e-m+fp/hard/libcr_nohost_nf.a(__sys_write.o)

.ARM.attributes
                0x0000000000000000       0x37
 .ARM.attributes
                0x0000000000000000       0x39 ./xip/evkmimxrt1010_flexspi_nor_config.o
 .ARM.attributes
                0x0000000000000039       0x39 ./xip/fsl_flexspi_nor_boot.o
 .ARM.attributes
                0x0000000000000072       0x34 ./utilities/fsl_debug_console.o
 .ARM.attributes
                0x00000000000000a6       0x34 ./startup/startup_mimxrt1011.o
 .ARM.attributes
                0x00000000000000da       0x34 ./source/led_matrix_driver.o
 .ARM.attributes
                0x000000000000010e       0x34 ./source/semihost_hardfault.o
 .ARM.attributes
                0x0000000000000142       0x34 ./drivers/fsl_clock.o
 .ARM.attributes
                0x0000000000000176       0x34 ./drivers/fsl_gpio.o
 .ARM.attributes
                0x00000000000001aa       0x34 ./drivers/fsl_lpuart.o
 .ARM.attributes
                0x00000000000001de       0x34 ./device/system_MIMXRT1011.o
 .ARM.attributes
                0x0000000000000212       0x34 ./component/uart/lpuart_adapter.o
 .ARM.attributes
                0x0000000000000246       0x34 ./component/serial_manager/serial_manager.o
 .ARM.attributes
                0x000000000000027a       0x34 ./component/serial_manager/serial_port_uart.o
 .ARM.attributes
                0x00000000000002ae       0x34 ./board/board.o
 .ARM.attributes
                0x00000000000002e2       0x34 ./board/clock_config.o
 .ARM.attributes
                0x0000000000000316       0x34 ./board/pin_mux.o
 .ARM.attributes
                0x000000000000034a       0x34 /Applications/MCUXpressoIDE_11.0.1_2563/ide/plugins/com.nxp.mcuxpresso.tools.macosx_11.0.1.201907311258/tools/bin/../lib/gcc/arm-none-eabi/8.2.1/../../../../arm-none-eabi/lib/thumb/v7e-m+fp/hard/libcr_nohost_nf.a(_cr__main.o)
 .ARM.attributes
                0x000000000000037e       0x34 /Applications/MCUXpressoIDE_11.0.1_2563/ide/plugins/com.nxp.mcuxpresso.tools.macosx_11.0.1.201907311258/tools/bin/../lib/gcc/arm-none-eabi/8.2.1/../../../../arm-none-eabi/lib/thumb/v7e-m+fp/hard/libcr_nohost_nf.a(_cr_assert.o)
 .ARM.attributes
                0x00000000000003b2       0x39 /Applications/MCUXpressoIDE_11.0.1_2563/ide/plugins/com.nxp.mcuxpresso.tools.macosx_11.0.1.201907311258/tools/bin/../lib/gcc/arm-none-eabi/8.2.1/../../../../arm-none-eabi/lib/thumb/v7e-m+fp/hard/libcr_nohost_nf.a(__ciob.o)
 .ARM.attributes
                0x00000000000003eb       0x34 /Applications/MCUXpressoIDE_11.0.1_2563/ide/plugins/com.nxp.mcuxpresso.tools.macosx_11.0.1.201907311258/tools/bin/../lib/gcc/arm-none-eabi/8.2.1/../../../../arm-none-eabi/lib/thumb/v7e-m+fp/hard/libcr_nohost_nf.a(__sys_appexit.o)
 .ARM.attributes
                0x000000000000041f       0x34 /Applications/MCUXpressoIDE_11.0.1_2563/ide/plugins/com.nxp.mcuxpresso.tools.macosx_11.0.1.201907311258/tools/bin/../lib/gcc/arm-none-eabi/8.2.1/../../../../arm-none-eabi/lib/thumb/v7e-m+fp/hard/libcr_c.a(memset.o)
 .ARM.attributes
                0x0000000000000453       0x34 /Applications/MCUXpressoIDE_11.0.1_2563/ide/plugins/com.nxp.mcuxpresso.tools.macosx_11.0.1.201907311258/tools/bin/../lib/gcc/arm-none-eabi/8.2.1/../../../../arm-none-eabi/lib/thumb/v7e-m+fp/hard/libcr_c.a(_deferredlazyseek.o)
 .ARM.attributes
                0x0000000000000487       0x34 /Applications/MCUXpressoIDE_11.0.1_2563/ide/plugins/com.nxp.mcuxpresso.tools.macosx_11.0.1.201907311258/tools/bin/../lib/gcc/arm-none-eabi/8.2.1/../../../../arm-none-eabi/lib/thumb/v7e-m+fp/hard/libcr_c.a(_fflush.o)
 .ARM.attributes
                0x00000000000004bb       0x34 /Applications/MCUXpressoIDE_11.0.1_2563/ide/plugins/com.nxp.mcuxpresso.tools.macosx_11.0.1.201907311258/tools/bin/../lib/gcc/arm-none-eabi/8.2.1/../../../../arm-none-eabi/lib/thumb/v7e-m+fp/hard/libcr_c.a(_writebuf.o)
 .ARM.attributes
                0x00000000000004ef       0x34 /Applications/MCUXpressoIDE_11.0.1_2563/ide/plugins/com.nxp.mcuxpresso.tools.macosx_11.0.1.201907311258/tools/bin/../lib/gcc/arm-none-eabi/8.2.1/../../../../arm-none-eabi/lib/thumb/v7e-m+fp/hard/libcr_c.a(alloc.o)
 .ARM.attributes
                0x0000000000000523       0x34 /Applications/MCUXpressoIDE_11.0.1_2563/ide/plugins/com.nxp.mcuxpresso.tools.macosx_11.0.1.201907311258/tools/bin/../lib/gcc/arm-none-eabi/8.2.1/../../../../arm-none-eabi/lib/thumb/v7e-m+fp/hard/libcr_c.a(fputs.o)
 .ARM.attributes
                0x0000000000000557       0x34 /Applications/MCUXpressoIDE_11.0.1_2563/ide/plugins/com.nxp.mcuxpresso.tools.macosx_11.0.1.201907311258/tools/bin/../lib/gcc/arm-none-eabi/8.2.1/../../../../arm-none-eabi/lib/thumb/v7e-m+fp/hard/libcr_c.a(fseek.o)
 .ARM.attributes
                0x000000000000058b       0x34 /Applications/MCUXpressoIDE_11.0.1_2563/ide/plugins/com.nxp.mcuxpresso.tools.macosx_11.0.1.201907311258/tools/bin/../lib/gcc/arm-none-eabi/8.2.1/../../../../arm-none-eabi/lib/thumb/v7e-m+fp/hard/libcr_c.a(ftell.o)
 .ARM.attributes
                0x00000000000005bf       0x34 /Applications/MCUXpressoIDE_11.0.1_2563/ide/plugins/com.nxp.mcuxpresso.tools.macosx_11.0.1.201907311258/tools/bin/../lib/gcc/arm-none-eabi/8.2.1/../../../../arm-none-eabi/lib/thumb/v7e-m+fp/hard/libcr_c.a(initio.o)
 .ARM.attributes
                0x00000000000005f3       0x34 /Applications/MCUXpressoIDE_11.0.1_2563/ide/plugins/com.nxp.mcuxpresso.tools.macosx_11.0.1.201907311258/tools/bin/../lib/gcc/arm-none-eabi/8.2.1/../../../../arm-none-eabi/lib/thumb/v7e-m+fp/hard/libcr_c.a(setvbuf.o)
 .ARM.attributes
                0x0000000000000627       0x34 /Applications/MCUXpressoIDE_11.0.1_2563/ide/plugins/com.nxp.mcuxpresso.tools.macosx_11.0.1.201907311258/tools/bin/../lib/gcc/arm-none-eabi/8.2.1/../../../../arm-none-eabi/lib/thumb/v7e-m+fp/hard/libcr_c.a(strlen.o)
 .ARM.attributes
                0x000000000000065b       0x34 /Applications/MCUXpressoIDE_11.0.1_2563/ide/plugins/com.nxp.mcuxpresso.tools.macosx_11.0.1.201907311258/tools/bin/../lib/gcc/arm-none-eabi/8.2.1/../../../../arm-none-eabi/lib/thumb/v7e-m+fp/hard/libcr_c.a(__init_alloc.o)
 .ARM.attributes
                0x000000000000068f       0x34 /Applications/MCUXpressoIDE_11.0.1_2563/ide/plugins/com.nxp.mcuxpresso.tools.macosx_11.0.1.201907311258/tools/bin/../lib/gcc/arm-none-eabi/8.2.1/../../../../arm-none-eabi/lib/thumb/v7e-m+fp/hard/libcr_c.a(_cr_sbrk.o)
 .ARM.attributes
                0x00000000000006c3       0x34 /Applications/MCUXpressoIDE_11.0.1_2563/ide/plugins/com.nxp.mcuxpresso.tools.macosx_11.0.1.201907311258/tools/bin/../lib/gcc/arm-none-eabi/8.2.1/../../../../arm-none-eabi/lib/thumb/v7e-m+fp/hard/libcr_c.a(_fdopen.o)
 .ARM.attributes
                0x00000000000006f7       0x39 /Applications/MCUXpressoIDE_11.0.1_2563/ide/plugins/com.nxp.mcuxpresso.tools.macosx_11.0.1.201907311258/tools/bin/../lib/gcc/arm-none-eabi/8.2.1/../../../../arm-none-eabi/lib/thumb/v7e-m+fp/hard/libcr_c.a(errno.o)
 .ARM.attributes
                0x0000000000000730       0x34 /Applications/MCUXpressoIDE_11.0.1_2563/ide/plugins/com.nxp.mcuxpresso.tools.macosx_11.0.1.201907311258/tools/bin/../lib/gcc/arm-none-eabi/8.2.1/../../../../arm-none-eabi/lib/thumb/v7e-m+fp/hard/libcr_c.a(fclose.o)
 .ARM.attributes
                0x0000000000000764       0x34 /Applications/MCUXpressoIDE_11.0.1_2563/ide/plugins/com.nxp.mcuxpresso.tools.macosx_11.0.1.201907311258/tools/bin/../lib/gcc/arm-none-eabi/8.2.1/../../../../arm-none-eabi/lib/thumb/v7e-m+fp/hard/libcr_c.a(fflush.o)
 .ARM.attributes
                0x0000000000000798       0x34 /Applications/MCUXpressoIDE_11.0.1_2563/ide/plugins/com.nxp.mcuxpresso.tools.macosx_11.0.1.201907311258/tools/bin/../lib/gcc/arm-none-eabi/8.2.1/../../../../arm-none-eabi/lib/thumb/v7e-m+fp/hard/libcr_c.a(remove.o)
 .ARM.attributes
                0x00000000000007cc       0x34 /Applications/MCUXpressoIDE_11.0.1_2563/ide/plugins/com.nxp.mcuxpresso.tools.macosx_11.0.1.201907311258/tools/bin/../lib/gcc/arm-none-eabi/8.2.1/../../../../arm-none-eabi/lib/thumb/v7e-m+fp/hard/libcr_c.a(_cr_check_heap.o)
 .ARM.attributes
                0x0000000000000800       0x34 /Applications/MCUXpressoIDE_11.0.1_2563/ide/plugins/com.nxp.mcuxpresso.tools.macosx_11.0.1.201907311258/tools/bin/../lib/gcc/arm-none-eabi/8.2.1/../../../../arm-none-eabi/lib/thumb/v7e-m+fp/hard/libcr_c.a(_do_fflush.o)
 .ARM.attributes
                0x0000000000000834       0x20 /Applications/MCUXpressoIDE_11.0.1_2563/ide/plugins/com.nxp.mcuxpresso.tools.macosx_11.0.1.201907311258/tools/bin/../lib/gcc/arm-none-eabi/8.2.1/thumb/v7e-m+fp/hard/libcr_eabihelpers.a(division_64.o)
 .ARM.attributes
                0x0000000000000854       0x20 /Applications/MCUXpressoIDE_11.0.1_2563/ide/plugins/com.nxp.mcuxpresso.tools.macosx_11.0.1.201907311258/tools/bin/../lib/gcc/arm-none-eabi/8.2.1/thumb/v7e-m+fp/hard/libcr_eabihelpers.a(division_idiv0.o)
 .ARM.attributes
                0x0000000000000874       0x20 /Applications/MCUXpressoIDE_11.0.1_2563/ide/plugins/com.nxp.mcuxpresso.tools.macosx_11.0.1.201907311258/tools/bin/../lib/gcc/arm-none-eabi/8.2.1/thumb/v7e-m+fp/hard/libcr_eabihelpers.a(memcpy.o)
 .ARM.attributes
                0x0000000000000894       0x34 /Applications/MCUXpressoIDE_11.0.1_2563/ide/plugins/com.nxp.mcuxpresso.tools.macosx_11.0.1.201907311258/tools/bin/../lib/gcc/arm-none-eabi/8.2.1/../../../../arm-none-eabi/lib/thumb/v7e-m+fp/hard/libcr_nohost_nf.a(__sys_close.o)
 .ARM.attributes
                0x00000000000008c8       0x34 /Applications/MCUXpressoIDE_11.0.1_2563/ide/plugins/com.nxp.mcuxpresso.tools.macosx_11.0.1.201907311258/tools/bin/../lib/gcc/arm-none-eabi/8.2.1/../../../../arm-none-eabi/lib/thumb/v7e-m+fp/hard/libcr_nohost_nf.a(__sys_flen.o)
 .ARM.attributes
                0x00000000000008fc       0x34 /Applications/MCUXpressoIDE_11.0.1_2563/ide/plugins/com.nxp.mcuxpresso.tools.macosx_11.0.1.201907311258/tools/bin/../lib/gcc/arm-none-eabi/8.2.1/../../../../arm-none-eabi/lib/thumb/v7e-m+fp/hard/libcr_nohost_nf.a(__sys_istty.o)
 .ARM.attributes
                0x0000000000000930       0x34 /Applications/MCUXpressoIDE_11.0.1_2563/ide/plugins/com.nxp.mcuxpresso.tools.macosx_11.0.1.201907311258/tools/bin/../lib/gcc/arm-none-eabi/8.2.1/../../../../arm-none-eabi/lib/thumb/v7e-m+fp/hard/libcr_nohost_nf.a(__sys_remove.o)
 .ARM.attributes
                0x0000000000000964       0x34 /Applications/MCUXpressoIDE_11.0.1_2563/ide/plugins/com.nxp.mcuxpresso.tools.macosx_11.0.1.201907311258/tools/bin/../lib/gcc/arm-none-eabi/8.2.1/../../../../arm-none-eabi/lib/thumb/v7e-m+fp/hard/libcr_nohost_nf.a(__sys_seek.o)
 .ARM.attributes
                0x0000000000000998       0x34 /Applications/MCUXpressoIDE_11.0.1_2563/ide/plugins/com.nxp.mcuxpresso.tools.macosx_11.0.1.201907311258/tools/bin/../lib/gcc/arm-none-eabi/8.2.1/../../../../arm-none-eabi/lib/thumb/v7e-m+fp/hard/libcr_nohost_nf.a(__sys_tmpnam.o)
 .ARM.attributes
                0x00000000000009cc       0x34 /Applications/MCUXpressoIDE_11.0.1_2563/ide/plugins/com.nxp.mcuxpresso.tools.macosx_11.0.1.201907311258/tools/bin/../lib/gcc/arm-none-eabi/8.2.1/../../../../arm-none-eabi/lib/thumb/v7e-m+fp/hard/libcr_nohost_nf.a(__sys_write.o)

.debug_ranges   0x0000000000000000      0x800
 .debug_ranges  0x0000000000000000       0x70 ./utilities/fsl_debug_console.o